[
["occur", "occurring"],
["lie", "lying"],
["miss", "missing"],
["disappear", "disappearing"],
["clap", "clapping"],
["continue", "continuing"],
["begin", "beginning"],
["teach", "teaching"],
["fold", "folding"],
["fill", "filling"],
["matter", "mattering"],
["check", "checking"],
["mistake", "mistaking"],
["invite", "inviting"],
["find", "finding"],
["blow", "blowing"],
["exist", "existing"],
["dig", "digging"],
["mean", "meaning"],
["wash", "washing"],
["die", "dying"],
["order", "ordering"],
["share", "sharing"],
["fit", "fitting"],
["push", "pushing"],
["undertake", "undertaking"],
["achieve", "achieving"],
["state", "stating"],
["have", "having"],
["allow", "allowing"],
["interlay", "interlaying"],
["stop", "stopping"],
["call", "calling"],
["decide", "deciding"],
["warn", "warning"],
["ride", "riding"],
["treat", "treating"],
["rest", "resting"],
["sing", "singing"],
["contain", "containing"],
["fly", "flying"],
["jump", "jumping"],
["tread", "treading"],
["strip", "stripping"],
["sink", "sinking"],
["mark", "marking"],
["discover", "discovering"],
["dream", "dreaming"],
["succeed", "succeeding"],
["work", "working"],
["shoe", "shoeing"],
["surf", "surfing"],
["swing", "swinging"],
["head", "heading"],
["swell", "swelling"],
["hear", "hearing"],
["travel", "traveling"],
["show", "showing"],
["kill", "killing"],
["enable", "enabling"],
["introduce", "introducing"],
["wish", "wishing"],
["buy", "buying"],
["belong", "belonging"],
["send", "sending"],
["hate", "hating"],
["shop", "shopping"],
["attack", "attacking"],
["fall", "falling"],
["strive", "striving"],
["point", "pointing"],
["arrange", "arranging"],
["slit", "slitting"],
["contribute", "contributing"],
["awake", "awaking"],
["speak", "speaking"],
["return", "returning"],
["let", "letting"],
["steal", "stealing"],
["want", "wanting"],
["mind", "minding"],
["spin", "spinning"],
["sell", "selling"],
["upset", "upsetting"],
["spit", "spitting"],
["overdraw", "overdrawing"],
["contact", "contacting"],
["link", "linking"],
["remove", "removing"],
["put", "putting"],
["kneel", "kneeling"],
["smell", "smelling"],
["cross", "crossing"],
["dance", "dancing"],
["ask", "asking"],
["saw", "sawing"],
["shrink", "shrinking"],
["say", "saying"],
["start", "starting"],
["obtain", "obtaining"],
["record", "recording"],
["present", "presenting"],
["create", "creating"],
["stride", "striding"],
["like", "liking"],
["prepare", "preparing"],
["prevent", "preventing"],
["compare", "comparing"],
["form", "forming"],
["wind", "winding"],
["choose", "choosing"],
["describe", "describing"],
["undergo", "undergoing"],
["drive", "driving"],
["behold", "beholding"],
["fail", "failing"],
["cover", "covering"],
["open", "opening"],
["avoid", "avoiding"],
["expect", "expecting"],
["draw", "drawing"],
["bring", "bringing"],
["shine", "shining"],
["shake", "shaking"],
["accept", "accepting"],
["test", "testing"],
["examine", "examining"],
["wear", "wearing"],
["claim", "claiming"],
["increase", "increasing"],
["grow", "growing"],
["charge", "charging"],
["cry", "crying"],
["promise", "promising"],
["forecast", "forecasting"],
["argue", "arguing"],
["separate", "separating"],
["feel", "feeling"],
["thrust", "thrusting"],
["feed", "feeding"],
["supply", "supplying"],
["deny", "denying"],
["complete", "completing"],
["shut", "shutting"],
["reach", "reaching"],
["destroy", "destroying"],
["withhold", "withholding"],
["hang", "hanging"],
["repeat", "repeating"],
["catch", "catching"],
["can", "caning"],
["result", "resulting"],
["burn", "burning"],
["require", "requiring"],
["sound", "sounding"],
["cast", "casting"],
["encourage", "encouraging"],
["input", "inputting"],
["inform", "informing"],
["finish", "finishing"],
["reduce", "reducing"],
["sweep", "sweeping"],
["cost", "costing"],
["imagine", "imagining"],
["control", "controlling"],
["follow", "following"],
["demand", "demanding"],
["dare", "daring"],
["knit", "knitting"],
["care", "caring"],
["commit", "committing"],
["perform", "performing"],
["bend", "bending"],
["become", "becoming"],
["pull", "pulling"],
["provide", "providing"],
["bust", "busting"],
["kick", "kicking"],
["relate", "relating"],
["arise", "arising"],
["afford", "affording"],
["keep", "keeping"],
["reflect", "reflecting"],
["agree", "agreeing"],
["confirm", "confirming"],
["string", "stringing"],
["remain", "remaining"],
["weep", "weeping"],
["replace", "replacing"],
["seek", "seeking"],
["admit", "admitting"],
["seem", "seeming"],
["divide", "dividing"],
["slay", "slaying"],
["come", "coming"],
["notice", "noticing"],
["foresee", "foreseeing"],
["publish", "publishing"],
["slide", "sliding"],
["pick", "picking"],
["reply", "replying"],
["survive", "surviving"],
["strike", "striking"],
["spring", "springing"],
["run", "running"],
["use", "using"],
["give", "giving"],
["sort", "sorting"],
["press", "pressing"],
["face", "facing"],
["climb", "climbing"],
["sweat", "sweating"],
["try", "trying"],
["own", "owning"],
["complain", "complaining"],
["split", "splitting"],
["swear", "swearing"],
["mow", "mowing"],
["cling", "clinging"],
["sublet", "subletting"],
["suggest", "suggesting"],
["vote", "voting"],
["laugh", "laughing"],
["prove", "proving"],
["cook", "cooking"],
["turn", "turning"],
["serve", "serving"],
["copy", "copying"],
["overtake", "overtaking"],
["place", "placing"],
["happen", "happening"],
["inlay", "inlaying"],
["hunt", "hunting"],
["drink", "drinking"],
["hide", "hiding"],
["manage", "managing"],
["misunderstand", "misunderstanding"],
["fight", "fighting"],
["handle", "handling"],
["appear", "appearing"],
["understand", "understanding"],
["found", "founding"],
["shout", "shouting"],
["worry", "worrying"],
["intend", "intending"],
["act", "acting"],
["spread", "spreading"],
["clothe", "clothing"],
["shear", "shearing"],
["bleed", "bleeding"],
["rid", "ridding"],
["plan", "planing"],
["hurt", "hurting"],
["lose", "losing"],
["pass", "passing"],
["spend", "spending"],
["know", "knowing"],
["offer", "offering"],
["dive", "diving"],
["play", "playing"],
["extend", "extending"],
["bid", "bidding"],
["receive", "receiving"],
["preset", "presetting"],
["develop", "developing"],
["read", "reading"],
["rise", "rising"],
["affect", "affecting"],
["add", "adding"],
["believe", "believing"],
["improve", "improving"],
["stick", "sticking"],
["release", "releasing"],
["bet", "betting"],
["dress", "dressing"],
["arrive", "arriving"],
["spill", "spilling"],
["damage", "damaging"],
["consist", "consisting"],
["fling", "flinging"],
["live", "living"],
["spell", "spelling"],
["train", "training"],
["wonder", "wondering"],
["tear", "tearing"],
["hit", "hitting"],
["shave", "shaving"],
["love", "loving"],
["study", "studying"],
["save", "saving"],
["count", "counting"],
["last", "lasting"],
["cause", "causing"],
["reveal", "revealing"],
["apply", "applying"],
["realize", "realizing"],
["produce", "producing"],
["hike", "hiking"],
["design", "designing"],
["settle", "settling"],
["cut", "cutting"],
["force", "forcing"],
["account", "accounting"],
["abide", "abiding"],
["stay", "staying"],
["overhear", "overhearing"],
["melt", "melting"],
["listen", "listening"],
["withdraw", "withdrawing"],
["clean", "cleaning"],
["thank", "thanking"],
["clear", "clearing"],
["quit", "quitting"],
["build", "building"],
["express", "expressing"],
["protect", "protecting"],
["influence", "influencing"],
["sunburn", "sunburning"],
["will", "willing"],
["weave", "weaving"],
["creep", "creeping"],
["shoot", "shooting"],
["slink", "slinking"],
["suppose", "supposing"],
["sling", "slinging"],
["flee", "fleeing"],
["include", "including"],
["hold", "holding"],
["soothsay", "soothsaying"],
["identify", "identifying"],
["support", "supporting"],
["sow", "sowing"],
["ring", "ringing"],
["limit", "limiting"],
["alight", "alighting"],
["move", "moving"],
["carry", "carrying"],
["smile", "smiling"],
["report", "reporting"],
["deliver", "delivering"],
["correct", "correcting"],
["help", "helping"],
["break", "breaking"],
["involve", "involving"],
["forsake", "forsaking"],
["concern", "concerning"],
["sneak", "sneaking"],
["bind", "binding"],
["forget", "foregetting"],
["suit", "suiting"],
["take", "taking"],
["freeze", "freezing"],
["stand", "standing"],
["see", "seeing"],
["foretell", "foretelling"],
["shed", "shedding"],
["win", "winning"],
["depend", "depending"],
["lay", "laying"],
["speed", "speeding"],
["talk", "talking"],
["experience", "experiencing"],
["pay", "paying"],
["spoil", "spoiling"],
["swim", "swimming"],
["wake", "waking"],
["throw", "throwing"],
["set", "setting"],
["measure", "measuring"],
["connect", "connecting"],
["sew", "sewing"],
["remember", "remembering"],
["hope", "hoping"],
["collect", "collecting"],
["leap", "leaping"],
["lend", "lending"],
["make", "making"],
["walk", "walking"],
["prefer", "preferring"],
["thrive", "thriving"],
["refuse", "refusing"],
["lean", "leaning"],
["mislead", "misleading"],
["wring", "wringing"],
["burst", "bursting"],
["learn", "learning"],
["sting", "stinging"],
["watch", "watching"],
["get", "getting"],
["stink", "stinking"],
["think", "thinking"],
["be", "being"],
["light", "lighting"],
["deal", "dealing"],
["close", "closing"],
["lead", "leading"],
["broadcast", "broadcasting"],
["drop", "dropping"],
["change", "changing"],
["dwell", "dwelling"],
["breed", "breeding"],
["base", "basing"],
["sit", "sitting"],
["represent", "representing"],
["gain", "gaining"],
["enjoy", "enjoying"],
["join", "joining"],
["suffer", "suffering"],
["wed", "wedding"],
["beat", "beating"],
["bear", "bearing"],
["look", "looking"],
["fasten", "fastening"],
["frostbite", "frostbiting"],
["wet", "wetting"],
["tell", "telling"],
["do", "doing"],
["mention", "mentioning"],
["write", "writing"],
["consider", "considering"],
["recognize", "recognizing"],
["leave", "leaving"],
["grind", "grinding"],
["indicate", "indicating"],
["raise", "raising"],
["vex", "vexing"],
["go", "going"],
["forbid", "forbidding"],
["explain", "explaining"],
["eat", "eating"],
["discuss", "discussing"],
["aim", "aiming"],
["bite", "biting"],
["touch", "touching"],
["withstand", "withstanding"],
["smoke", "smoking"],
["meet", "meeting"],
["sleep", "sleeping"],
["regard", "regarding"],
["answer", "answering"],
["forgive", "forgiving"],
["refer", "referring"],
["roll", "rolling"],
["handwrite", "handwriting"],
["knock", "knocking"],
["wait", "waiting"],
["visit", "visiting"],
["tend", "tending"],
["fish", "fishing"],
["need", "needing"],
["fooz", "barz"]
]
