[
["occur", "occurred"],
["lie", "lain"],
["miss", "missed"],
["disappear", "disappeared"],
["clap", "clapped"],
["continue", "continued"],
["begin", "begun"],
["teach", "taught"],
["fold", "folded"],
["fill", "filled"],
["matter", "mattered"],
["check", "checked"],
["mistake", "mistaken"],
["invite", "invited"],
["find", "found"],
["blow", "blown"],
["exist", "existed"],
["dig", "dug"],
["mean", "meant"],
["wash", "washed"],
["die", "died"],
["order", "ordered"],
["share", "shared"],
["fit", "fitted"],
["push", "pushed"],
["undertake", "undertaken"],
["achieve", "achieved"],
["state", "stated"],
["have", "had"],
["allow", "allowed"],
["interlay", "interlaid"],
["stop", "stopped"],
["call", "called"],
["decide", "decided"],
["warn", "warned"],
["ride", "ridden"],
["treat", "treated"],
["rest", "rested"],
["sing", "sung"],
["contain", "contained"],
["fly", "flown"],
["jump", "jumped"],
["tread", "trodden"],
["strip", "stripped"],
["sink", "sunk"],
["mark", "marked"],
["discover", "discovered"],
["dream", "dreamed"],
["succeed", "succeeded"],
["work", "worked"],
["shoe", "shod"],
["surf", "surfed"],
["swing", "swung"],
["head", "headed"],
["swell", "swollen"],
["hear", "heard"],
["travel", "traveled"],
["show", "shown"],
["kill", "killed"],
["enable", "enabled"],
["introduce", "introduced"],
["wish", "wished"],
["buy", "bought"],
["belong", "belonged"],
["send", "sent"],
["hate", "hated"],
["shop", "shopped"],
["attack", "attacked"],
["fall", "fallen"],
["strive", "striven"],
["point", "pointed"],
["arrange", "arranged"],
["slit", "slit"],
["contribute", "contributed"],
["awake", "awoken"],
["speak", "spoken"],
["return", "returned"],
["let", "let"],
["steal", "stolen"],
["want", "wanted"],
["mind", "minded"],
["spin", "spun"],
["sell", "sold"],
["upset", "upset"],
["spit", "spat"],
["overdraw", "overdrawn"],
["contact", "contacted"],
["link", "linked"],
["remove", "removed"],
["put", "put"],
["kneel", "knelt"],
["smell", "smelled"],
["cross", "crossed"],
["dance", "danced"],
["ask", "asked"],
["saw", "sawed"],
["shrink", "shrunk"],
["say", "said"],
["start", "started"],
["obtain", "obtained"],
["record", "recorded"],
["present", "presented"],
["create", "created"],
["stride", "stridden"],
["like", "liked"],
["prepare", "prepared"],
["prevent", "prevented"],
["compare", "compared"],
["form", "formed"],
["wind", "wound"],
["choose", "chosen"],
["describe", "described"],
["undergo", "undergone"],
["drive", "driven"],
["behold", "beheld"],
["fail", "failed"],
["cover", "covered"],
["open", "opened"],
["avoid", "avoided"],
["expect", "expected"],
["draw", "drawn"],
["bring", "brought"],
["shine", "shone"],
["shake", "shaken"],
["accept", "accepted"],
["test", "tested"],
["examine", "examined"],
["wear", "worn"],
["claim", "claimed"],
["increase", "increased"],
["grow", "grown"],
["charge", "charged"],
["cry", "cried"],
["promise", "promised"],
["forecast", "forecasted"],
["argue", "argued"],
["separate", "separated"],
["feel", "felt"],
["thrust", "thrust"],
["feed", "fed"],
["supply", "supplied"],
["deny", "denied"],
["complete", "completed"],
["shut", "shut"],
["reach", "reached"],
["destroy", "destroyed"],
["withhold", "withheld"],
["hang", "hung"],
["repeat", "repeated"],
["catch", "caught"],
["can", "caned"],
["result", "resulted"],
["burn", "burned"],
["require", "required"],
["sound", "sounded"],
["cast", "cast"],
["encourage", "encouraged"],
["input", "inputted"],
["inform", "informed"],
["finish", "finished"],
["reduce", "reduced"],
["sweep", "swept"],
["cost", "cost"],
["imagine", "imagined"],
["control", "controlled"],
["follow", "followed"],
["demand", "demanded"],
["dare", "dared"],
["knit", "knitted"],
["care", "cared"],
["commit", "committed"],
["perform", "performed"],
["bend", "bent"],
["become", "become"],
["pull", "pulled"],
["provide", "provided"],
["bust", "bust"],
["kick", "kicked"],
["relate", "related"],
["arise", "arisen"],
["afford", "afforded"],
["keep", "kept"],
["reflect", "reflected"],
["agree", "agreed"],
["confirm", "confirmed"],
["string", "strung"],
["remain", "remained"],
["weep", "wept"],
["replace", "replaced"],
["seek", "sought"],
["admit", "admitted"],
["seem", "seemed"],
["divide", "divided"],
["slay", "slain"],
["come", "come"],
["notice", "noticed"],
["foresee", "foreseen"],
["publish", "published"],
["slide", "slid"],
["pick", "picked"],
["reply", "replied"],
["survive", "survived"],
["strike", "struck"],
["spring", "sprung"],
["run", "run"],
["use", "used"],
["give", "given"],
["sort", "sorted"],
["press", "pressed"],
["face", "faced"],
["climb", "climbed"],
["sweat", "sweat"],
["try", "tried"],
["own", "owned"],
["complain", "complained"],
["split", "split"],
["swear", "sworn"],
["mow", "mown"],
["cling", "clung"],
["sublet", "sublet"],
["suggest", "suggested"],
["vote", "voted"],
["laugh", "laughed"],
["prove", "proven"],
["cook", "cooked"],
["turn", "turned"],
["serve", "served"],
["copy", "copied"],
["overtake", "overtaken"],
["place", "placed"],
["happen", "happened"],
["inlay", "inlaid"],
["hunt", "hunted"],
["drink", "drunk"],
["hide", "hidden"],
["manage", "managed"],
["misunderstand", "misunderstood"],
["fight", "fought"],
["handle", "handled"],
["appear", "appeared"],
["understand", "understood"],
["found", "founded"],
["shout", "shouted"],
["worry", "worried"],
["intend", "intended"],
["act", "acted"],
["spread", "spread"],
["clothe", "clothed"],
["shear", "shorn"],
["bleed", "bled"],
["rid", "rid"],
["plan", "planed"],
["hurt", "hurt"],
["lose", "lost"],
["pass", "passed"],
["spend", "spent"],
["know", "known"],
["offer", "offered"],
["dive", "dived"],
["play", "played"],
["extend", "extended"],
["bid", "bid"],
["receive", "received"],
["preset", "preset"],
["develop", "developed"],
["read", "read"],
["rise", "risen"],
["affect", "affected"],
["add", "added"],
["believe", "believed"],
["improve", "improved"],
["stick", "stuck"],
["release", "released"],
["bet", "bet"],
["dress", "dressed"],
["arrive", "arrived"],
["spill", "spilled"],
["damage", "damaged"],
["consist", "consisted"],
["fling", "flung"],
["live", "lived"],
["spell", "spelled"],
["train", "trained"],
["wonder", "wondered"],
["tear", "torn"],
["hit", "hit"],
["shave", "shaven"],
["love", "loved"],
["study", "studied"],
["save", "saved"],
["count", "counted"],
["last", "lasted"],
["cause", "caused"],
["reveal", "revealed"],
["apply", "applied"],
["realize", "realized"],
["produce", "produced"],
["hike", "hiked"],
["design", "designed"],
["settle", "settled"],
["cut", "cut"],
["force", "forced"],
["account", "accounted"],
["abide", "abided"],
["stay", "stayed"],
["overhear", "overheard"],
["melt", "melted"],
["listen", "listened"],
["withdraw", "withdrawn"],
["clean", "cleaned"],
["thank", "thanked"],
["clear", "cleared"],
["quit", "quit"],
["build", "built"],
["express", "expressed"],
["protect", "protected"],
["influence", "influenced"],
["sunburn", "sunburned"],
["will", "willed"],
["weave", "woven"],
["creep", "crept"],
["shoot", "shot"],
["slink", "slunk"],
["suppose", "supposed"],
["sling", "slung"],
["flee", "fled"],
["include", "included"],
["hold", "held"],
["soothsay", "soothsaid"],
["identify", "identified"],
["support", "supported"],
["sow", "sown"],
["ring", "rung"],
["limit", "limited"],
["alight", "alighted"],
["move", "moved"],
["carry", "carried"],
["smile", "smiled"],
["report", "reported"],
["deliver", "delivered"],
["correct", "corrected"],
["help", "helped"],
["break", "broken"],
["involve", "involved"],
["forsake", "forsaken"],
["concern", "concerned"],
["sneak", "snuck"],
["bind", "bound"],
["forget", "forgotten"],
["suit", "suited"],
["take", "taken"],
["freeze", "frozen"],
["stand", "stood"],
["see", "seen"],
["foretell", "foretold"],
["shed", "shed"],
["win", "won"],
["depend", "depended"],
["lay", "laid"],
["speed", "sped"],
["talk", "talked"],
["experience", "experienced"],
["pay", "paid"],
["spoil", "spoiled"],
["swim", "swum"],
["wake", "woken"],
["throw", "thrown"],
["set", "set"],
["measure", "measured"],
["connect", "connected"],
["sew", "sewn"],
["remember", "remembered"],
["hope", "hoped"],
["collect", "collected"],
["leap", "leapt"],
["lend", "lent"],
["make", "made"],
["walk", "walked"],
["prefer", "preferred"],
["thrive", "thrived"],
["refuse", "refused"],
["lean", "leaned"],
["mislead", "misled"],
["wring", "wrung"],
["burst", "burst"],
["learn", "learned"],
["sting", "stung"],
["watch", "watched"],
["get", "gotten"],
["stink", "stunk"],
["think", "thought"],
["be", "been"],
["light", "lit"],
["deal", "dealt"],
["close", "closed"],
["lead", "led"],
["broadcast", "broadcasted"],
["drop", "dropped"],
["change", "changed"],
["dwell", "dwelt"],
["breed", "bred"],
["base", "based"],
["sit", "sat"],
["represent", "represented"],
["gain", "gained"],
["enjoy", "enjoyed"],
["join", "joined"],
["suffer", "suffered"],
["wed", "wed"],
["beat", "beaten"],
["bear", "born"],
["look", "looked"],
["fasten", "fastened"],
["frostbite", "frostbitten"],
["wet", "wet"],
["tell", "told"],
["do", "done"],
["mention", "mentioned"],
["write", "written"],
["consider", "considered"],
["recognize", "recognized"],
["leave", "left"],
["grind", "ground"],
["indicate", "indicated"],
["raise", "raised"],
["vex", "vexed"],
["go", "gone"],
["forbid", "forbidden"],
["explain", "explained"],
["eat", "eaten"],
["discuss", "discussed"],
["aim", "aimed"],
["bite", "bitten"],
["touch", "touched"],
["withstand", "withstood"],
["smoke", "smoked"],
["meet", "met"],
["sleep", "slept"],
["regard", "regarded"],
["answer", "answered"],
["forgive", "forgiven"],
["refer", "referred"],
["roll", "rolled"],
["handwrite", "handwritten"],
["knock", "knocked"],
["wait", "waited"],
["visit", "visited"],
["tend", "tended"],
["fish", "fished"],
["need", "needed"],
["fooz", "barz"]
]
