[
["occur", "occurs"],
["lie", "lies"],
["miss", "misses"],
["disappear", "disappears"],
["clap", "claps"],
["continue", "continues"],
["begin", "begins"],
["teach", "teaches"],
["fold", "folds"],
["fill", "fills"],
["matter", "matters"],
["check", "checks"],
["mistake", "mistakes"],
["invite", "invites"],
["find", "finds"],
["blow", "blows"],
["exist", "exists"],
["dig", "digs"],
["mean", "means"],
["wash", "washes"],
["die", "dies"],
["order", "orders"],
["share", "shares"],
["fit", "fits"],
["push", "pushes"],
["undertake", "undertakes"],
["achieve", "achieves"],
["state", "states"],
["have", "has"],
["allow", "allows"],
["interlay", "interlays"],
["stop", "stops"],
["call", "calls"],
["decide", "decides"],
["warn", "warns"],
["ride", "rides"],
["treat", "treats"],
["rest", "rests"],
["sing", "sings"],
["contain", "contains"],
["fly", "flies"],
["jump", "jumps"],
["tread", "treads"],
["strip", "strips"],
["sink", "sinks"],
["mark", "marks"],
["discover", "discovers"],
["dream", "dreams"],
["succeed", "succeeds"],
["work", "works"],
["shoe", "shoes"],
["surf", "surfs"],
["swing", "swings"],
["head", "heads"],
["swell", "swells"],
["hear", "hears"],
["travel", "travels"],
["show", "shows"],
["kill", "kills"],
["enable", "enables"],
["introduce", "introduces"],
["wish", "wishes"],
["buy", "buys"],
["belong", "belongs"],
["send", "sends"],
["hate", "hates"],
["shop", "shops"],
["attack", "attacks"],
["fall", "falls"],
["strive", "strives"],
["point", "points"],
["arrange", "arranges"],
["slit", "slits"],
["contribute", "contributes"],
["awake", "awakes"],
["speak", "speaks"],
["return", "returns"],
["let", "lets"],
["steal", "steals"],
["want", "wants"],
["mind", "minds"],
["spin", "spins"],
["sell", "sells"],
["upset", "upsets"],
["spit", "spits"],
["overdraw", "overdraws"],
["contact", "contacts"],
["link", "links"],
["remove", "removes"],
["put", "puts"],
["kneel", "kneels"],
["smell", "smells"],
["cross", "crosses"],
["dance", "dances"],
["ask", "asks"],
["saw", "saws"],
["shrink", "shrinks"],
["say", "says"],
["start", "starts"],
["obtain", "obtains"],
["record", "records"],
["present", "presents"],
["create", "creates"],
["stride", "strides"],
["like", "likes"],
["prepare", "prepares"],
["prevent", "prevents"],
["compare", "compares"],
["form", "forms"],
["wind", "winds"],
["choose", "chooses"],
["describe", "describes"],
["undergo", "undergoes"],
["drive", "drives"],
["behold", "beholds"],
["fail", "fails"],
["cover", "covers"],
["open", "opens"],
["avoid", "avoids"],
["expect", "expects"],
["draw", "draws"],
["bring", "brings"],
["shine", "shines"],
["shake", "shakes"],
["accept", "accepts"],
["test", "tests"],
["examine", "examines"],
["wear", "wears"],
["claim", "claims"],
["increase", "increases"],
["grow", "grows"],
["charge", "charges"],
["cry", "cries"],
["promise", "promises"],
["forecast", "forecasts"],
["argue", "argues"],
["separate", "separates"],
["feel", "feels"],
["thrust", "thrusts"],
["feed", "feeds"],
["supply", "supplies"],
["deny", "denies"],
["complete", "completes"],
["shut", "shuts"],
["reach", "reaches"],
["destroy", "destroys"],
["withhold", "withholds"],
["hang", "hangs"],
["repeat", "repeats"],
["catch", "catches"],
["can", "cans"],
["result", "results"],
["burn", "burns"],
["require", "requires"],
["sound", "sounds"],
["cast", "casts"],
["encourage", "encourages"],
["input", "inputs"],
["inform", "informs"],
["finish", "finishes"],
["reduce", "reduces"],
["sweep", "sweeps"],
["cost", "costs"],
["imagine", "imagines"],
["control", "controls"],
["follow", "follows"],
["demand", "demands"],
["dare", "dares"],
["knit", "knits"],
["care", "cares"],
["commit", "commits"],
["perform", "performs"],
["bend", "bends"],
["become", "becomes"],
["pull", "pulls"],
["provide", "provides"],
["bust", "busts"],
["kick", "kicks"],
["relate", "relates"],
["arise", "arises"],
["afford", "affords"],
["keep", "keeps"],
["reflect", "reflects"],
["agree", "agrees"],
["confirm", "confirms"],
["string", "strings"],
["remain", "remains"],
["weep", "weeps"],
["replace", "replaces"],
["seek", "seeks"],
["admit", "admits"],
["seem", "seems"],
["divide", "divides"],
["slay", "slays"],
["come", "comes"],
["notice", "notices"],
["foresee", "foresees"],
["publish", "publishes"],
["slide", "slides"],
["pick", "picks"],
["reply", "replies"],
["survive", "survives"],
["strike", "strikes"],
["spring", "springs"],
["run", "runs"],
["use", "uses"],
["give", "gives"],
["sort", "sorts"],
["press", "presses"],
["face", "faces"],
["climb", "climbs"],
["sweat", "sweats"],
["try", "tries"],
["own", "owns"],
["complain", "complains"],
["split", "splits"],
["swear", "swears"],
["mow", "mows"],
["cling", "clings"],
["sublet", "sublets"],
["suggest", "suggests"],
["vote", "votes"],
["laugh", "laughs"],
["prove", "proves"],
["cook", "cooks"],
["turn", "turns"],
["serve", "serves"],
["copy", "copies"],
["overtake", "overtakes"],
["place", "places"],
["happen", "happens"],
["inlay", "inlays"],
["hunt", "hunts"],
["drink", "drinks"],
["hide", "hides"],
["manage", "manages"],
["misunderstand", "misunderstands"],
["fight", "fights"],
["handle", "handles"],
["appear", "appears"],
["understand", "understands"],
["found", "founds"],
["shout", "shouts"],
["worry", "worries"],
["intend", "intends"],
["act", "acts"],
["spread", "spreads"],
["clothe", "clothes"],
["shear", "shears"],
["bleed", "bleeds"],
["rid", "rids"],
["plan", "plans"],
["hurt", "hurts"],
["lose", "loses"],
["pass", "passes"],
["spend", "spends"],
["know", "knows"],
["offer", "offers"],
["dive", "dives"],
["play", "plays"],
["extend", "extends"],
["bid", "bids"],
["receive", "receives"],
["preset", "presets"],
["develop", "develops"],
["read", "reads"],
["rise", "rises"],
["affect", "affects"],
["add", "adds"],
["believe", "believes"],
["improve", "improves"],
["stick", "sticks"],
["release", "releases"],
["bet", "bets"],
["dress", "dresses"],
["arrive", "arrives"],
["spill", "spills"],
["damage", "damages"],
["consist", "consists"],
["fling", "flings"],
["live", "lives"],
["spell", "spells"],
["train", "trains"],
["wonder", "wonders"],
["tear", "tears"],
["hit", "hits"],
["shave", "shaves"],
["love", "loves"],
["study", "studies"],
["save", "saves"],
["count", "counts"],
["last", "lasts"],
["cause", "causes"],
["reveal", "reveals"],
["apply", "applies"],
["realize", "realizes"],
["produce", "produces"],
["hike", "hikes"],
["design", "designs"],
["settle", "settles"],
["cut", "cuts"],
["force", "forces"],
["account", "accounts"],
["abide", "abides"],
["stay", "stays"],
["overhear", "overhears"],
["melt", "melts"],
["listen", "listens"],
["withdraw", "withdraws"],
["clean", "cleans"],
["thank", "thanks"],
["clear", "clears"],
["quit", "quits"],
["build", "builds"],
["express", "expresses"],
["protect", "protects"],
["influence", "influences"],
["sunburn", "sunburns"],
["will", "wills"],
["weave", "weaves"],
["creep", "creeps"],
["shoot", "shoots"],
["slink", "slinks"],
["suppose", "supposes"],
["sling", "slings"],
["flee", "flees"],
["include", "includes"],
["hold", "holds"],
["soothsay", "soothsays"],
["identify", "identifies"],
["support", "supports"],
["sow", "sows"],
["ring", "rings"],
["limit", "limits"],
["alight", "alights"],
["move", "moves"],
["carry", "carries"],
["smile", "smiles"],
["report", "reports"],
["deliver", "delivers"],
["correct", "corrects"],
["help", "helps"],
["break", "breaks"],
["involve", "involves"],
["forsake", "forsakes"],
["concern", "concerns"],
["sneak", "sneaks"],
["bind", "binds"],
["forget", "forgets"],
["suit", "suits"],
["take", "takes"],
["freeze", "freezes"],
["stand", "stands"],
["see", "sees"],
["foretell", "foretells"],
["shed", "sheds"],
["win", "wins"],
["depend", "depends"],
["lay", "lays"],
["speed", "speeds"],
["talk", "talks"],
["experience", "experiences"],
["pay", "pays"],
["spoil", "spoils"],
["swim", "swims"],
["wake", "wakes"],
["throw", "throws"],
["set", "sets"],
["measure", "measures"],
["connect", "connects"],
["sew", "sews"],
["remember", "remembers"],
["hope", "hopes"],
["collect", "collects"],
["leap", "leaps"],
["lend", "lends"],
["make", "makes"],
["walk", "walks"],
["prefer", "prefers"],
["thrive", "thrives"],
["refuse", "refuses"],
["lean", "leans"],
["mislead", "misleads"],
["wring", "wrings"],
["burst", "bursts"],
["learn", "learns"],
["sting", "stings"],
["watch", "watches"],
["get", "gets"],
["stink", "stinks"],
["think", "thinks"],
["be", "is"],
["light", "lights"],
["deal", "deals"],
["close", "closes"],
["lead", "leads"],
["broadcast", "broadcasts"],
["drop", "drops"],
["change", "changes"],
["dwell", "dwells"],
["breed", "breeds"],
["base", "bases"],
["sit", "sits"],
["represent", "represents"],
["gain", "gains"],
["enjoy", "enjoys"],
["join", "joins"],
["suffer", "suffers"],
["wed", "weds"],
["beat", "beats"],
["bear", "bears"],
["look", "looks"],
["fasten", "fastens"],
["frostbite", "frostbites"],
["wet", "wets"],
["tell", "tells"],
["do", "does"],
["mention", "mentions"],
["write", "writes"],
["consider", "considers"],
["recognize", "recognizes"],
["leave", "leaves"],
["grind", "grinds"],
["indicate", "indicates"],
["raise", "raises"],
["vex", "vexes"],
["go", "goes"],
["forbid", "forbids"],
["explain", "explains"],
["eat", "eats"],
["discuss", "discusses"],
["aim", "aims"],
["bite", "bites"],
["touch", "touches"],
["withstand", "withstands"],
["smoke", "smokes"],
["meet", "meets"],
["sleep", "sleeps"],
["regard", "regards"],
["answer", "answers"],
["forgive", "forgives"],
["refer", "refers"],
["roll", "rolls"],
["handwrite", "handwrites"],
["knock", "knocks"],
["wait", "waits"],
["visit", "visits"],
["tend", "tends"],
["fish", "fishes"],
["need", "needs"],
["fooz", "barz"]
]
