[
["clapping", "clap"],
["shearing", "shear"],
["facing", "face"],
["shedding", "shed"],
["creeping", "creep"],
["dropping", "drop"],
["sweating", "sweat"],
["gaining", "gain"],
["replacing", "replace"],
["proving", "prove"],
["wishing", "wish"],
["demanding", "demand"],
["sweeping", "sweep"],
["flinging", "fling"],
["beginning", "begin"],
["shrinking", "shrink"],
["making", "make"],
["finding", "find"],
["believing", "believe"],
["breeding", "breed"],
["sharing", "share"],
["treating", "treat"],
["hanging", "hang"],
["experiencing", "experience"],
["calling", "call"],
["tearing", "tear"],
["informing", "inform"],
["owning", "own"],
["minding", "mind"],
["connecting", "connect"],
["dancing", "dance"],
["bidding", "bid"],
["passing", "pass"],
["diving", "dive"],
["fighting", "fight"],
["hunting", "hunt"],
["beating", "beat"],
["influencing", "influence"],
["hiding", "hide"],
["winning", "win"],
["hearing", "hear"],
["producing", "produce"],
["staying", "stay"],
["sowing", "sow"],
["foregetting", "forget"],
["fleeing", "flee"],
["spilling", "spill"],
["ridding", "rid"],
["concerning", "concern"],
["sneaking", "sneak"],
["striving", "strive"],
["shutting", "shut"],
["sliding", "slide"],
["contributing", "contribute"],
["withstanding", "withstand"],
["finishing", "finish"],
["raising", "raise"],
["separating", "separate"],
["clearing", "clear"],
["lasting", "last"],
["hurting", "hurt"],
["succeeding", "succeed"],
["costing", "cost"],
["reading", "read"],
["slaying", "slay"],
["forsaking", "forsake"],
["improving", "improve"],
["inlaying", "inlay"],
["bleeding", "bleed"],
["obtaining", "obtain"],
["undergoing", "undergo"],
["shouting", "shout"],
["striding", "stride"],
["spoiling", "spoil"],
["crying", "cry"],
["busting", "bust"],
["applying", "apply"],
["surviving", "survive"],
["giving", "give"],
["suggesting", "suggest"],
["starting", "start"],
["agreeing", "agree"],
["buying", "buy"],
["removing", "remove"],
["dwelling", "dwell"],
["pulling", "pull"],
["trying", "try"],
["soothsaying", "soothsay"],
["spitting", "spit"],
["jumping", "jump"],
["overtaking", "overtake"],
["inviting", "invite"],
["bearing", "bear"],
["saving", "save"],
["knitting", "knit"],
["traveling", "travel"],
["putting", "put"],
["receiving", "receive"],
["overdrawing", "overdraw"],
["singing", "sing"],
["leaning", "lean"],
["preventing", "prevent"],
["spending", "spend"],
["speaking", "speak"],
["working", "work"],
["performing", "perform"],
["casting", "cast"],
["watching", "watch"],
["stripping", "strip"],
["ringing", "ring"],
["avoiding", "avoid"],
["falling", "fall"],
["misleading", "mislead"],
["suffering", "suffer"],
["reducing", "reduce"],
["forbidding", "forbid"],
["abiding", "abide"],
["changing", "change"],
["touching", "touch"],
["supporting", "support"],
["examining", "examine"],
["discovering", "discover"],
["resting", "rest"],
["sewing", "sew"],
["knocking", "knock"],
["expecting", "expect"],
["misunderstanding", "misunderstand"],
["bending", "bend"],
["presetting", "preset"],
["withdrawing", "withdraw"],
["slitting", "slit"],
["lending", "lend"],
["cleaning", "clean"],
["sawing", "saw"],
["sticking", "stick"],
["introducing", "introduce"],
["marking", "mark"],
["betting", "bet"],
["hoping", "hope"],
["setting", "set"],
["leaving", "leave"],
["swimming", "swim"],
["thriving", "thrive"],
["thanking", "thank"],
["shining", "shine"],
["confirming", "confirm"],
["smelling", "smell"],
["walking", "walk"],
["crossing", "cross"],
["killing", "kill"],
["handwriting", "handwrite"],
["shopping", "shop"],
["weeping", "weep"],
["sounding", "sound"],
["counting", "count"],
["recognizing", "recognize"],
["liking", "like"],
["willing", "will"],
["providing", "provide"],
["listening", "listen"],
["hitting", "hit"],
["collecting", "collect"],
["dressing", "dress"],
["arising", "arise"],
["ordering", "order"],
["considering", "consider"],
["withholding", "withhold"],
["weaving", "weave"],
["dividing", "divide"],
["requiring", "require"],
["springing", "spring"],
["pushing", "push"],
["disappearing", "disappear"],
["recording", "record"],
["realizing", "realize"],
["relating", "relate"],
["publishing", "publish"],
["upsetting", "upset"],
["feeling", "feel"],
["presenting", "present"],
["worrying", "worry"],
["lighting", "light"],
["picking", "pick"],
["talking", "talk"],
["fitting", "fit"],
["learning", "learn"],
["arriving", "arrive"],
["denying", "deny"],
["depending", "depend"],
["treading", "tread"],
["foreseeing", "foresee"],
["surfing", "surf"],
["sinking", "sink"],
["resulting", "result"],
["running", "run"],
["planing", "plan"],
["letting", "let"],
["referring", "refer"],
["dreaming", "dream"],
["shaving", "shave"],
["undertaking", "undertake"],
["coming", "come"],
["leaping", "leap"],
["quitting", "quit"],
["wringing", "wring"],
["leading", "lead"],
["climbing", "climb"],
["admitting", "admit"],
["stopping", "stop"],
["discussing", "discuss"],
["waiting", "wait"],
["selling", "sell"],
["lying", "lie"],
["going", "go"],
["preparing", "prepare"],
["dying", "die"],
["stinging", "sting"],
["occurring", "occur"],
["encouraging", "encourage"],
["turning", "turn"],
["preferring", "prefer"],
["complaining", "complain"],
["kicking", "kick"],
["swinging", "swing"],
["breaking", "break"],
["foretelling", "foretell"],
["eating", "eat"],
["imagining", "imagine"],
["vexing", "vex"],
["filling", "fill"],
["arranging", "arrange"],
["grinding", "grind"],
["growing", "grow"],
["swelling", "swell"],
["building", "build"],
["answering", "answer"],
["slinging", "sling"],
["deciding", "decide"],
["continuing", "continue"],
["mattering", "matter"],
["alighting", "alight"],
["playing", "play"],
["throwing", "throw"],
["beholding", "behold"],
["shaking", "shake"],
["protecting", "protect"],
["sleeping", "sleep"],
["wondering", "wonder"],
["writing", "write"],
["feeding", "feed"],
["replying", "reply"],
["acting", "act"],
["interlaying", "interlay"],
["involving", "involve"],
["supposing", "suppose"],
["awaking", "awake"],
["forming", "form"],
["representing", "represent"],
["describing", "describe"],
["offering", "offer"],
["spelling", "spell"],
["remembering", "remember"],
["mentioning", "mention"],
["returning", "return"],
["asking", "ask"],
["copying", "copy"],
["developing", "develop"],
["bursting", "burst"],
["speeding", "speed"],
["being", "be"],
["closing", "close"],
["warning", "warn"],
["standing", "stand"],
["pointing", "point"],
["fishing", "fish"],
["telling", "tell"],
["teaching", "teach"],
["sending", "send"],
["appearing", "appear"],
["studying", "study"],
["enjoying", "enjoy"],
["overhearing", "overhear"],
["belonging", "belong"],
["identifying", "identify"],
["cooking", "cook"],
["visiting", "visit"],
["riding", "ride"],
["allowing", "allow"],
["rolling", "roll"],
["remaining", "remain"],
["melting", "melt"],
["explaining", "explain"],
["looking", "look"],
["claiming", "claim"],
["freezing", "freeze"],
["waking", "wake"],
["clinging", "cling"],
["getting", "get"],
["settling", "settle"],
["heading", "head"],
["bringing", "bring"],
["reporting", "report"],
["revealing", "reveal"],
["folding", "fold"],
["affording", "afford"],
["spreading", "spread"],
["thinking", "think"],
["biting", "bite"],
["sitting", "sit"],
["enabling", "enable"],
["pressing", "press"],
["regarding", "regard"],
["loving", "love"],
["charging", "charge"],
["sunburning", "sunburn"],
["forcing", "force"],
["noticing", "notice"],
["creating", "create"],
["thrusting", "thrust"],
["limiting", "limit"],
["stealing", "steal"],
["intending", "intend"],
["knowing", "know"],
["attacking", "attack"],
["frostbiting", "frostbite"],
["adding", "add"],
["laying", "lay"],
["aiming", "aim"],
["caring", "care"],
["meeting", "meet"],
["wedding", "wed"],
["helping", "help"],
["fastening", "fasten"],
["reflecting", "reflect"],
["promising", "promise"],
["forgiving", "forgive"],
["happening", "happen"],
["completing", "complete"],
["refusing", "refuse"],
["catching", "catch"],
["voting", "vote"],
["showing", "show"],
["arguing", "argue"],
["carrying", "carry"],
["following", "follow"],
["laughing", "laugh"],
["flying", "fly"],
["kneeling", "kneel"],
["understanding", "understand"],
["dealing", "deal"],
["existing", "exist"],
["clothing", "clothe"],
["saying", "say"],
["hating", "hate"],
["extending", "extend"],
["slinking", "slink"],
["seeming", "seem"],
["doing", "do"],
["delivering", "deliver"],
["containing", "contain"],
["linking", "link"],
["serving", "serve"],
["rising", "rise"],
["caning", "can"],
["damaging", "damage"],
["destroying", "destroy"],
["indicating", "indicate"],
["correcting", "correct"],
["seeing", "see"],
["winding", "wind"],
["smiling", "smile"],
["mowing", "mow"],
["paying", "pay"],
["stating", "state"],
["choosing", "choose"],
["reaching", "reach"],
["broadcasting", "broadcast"],
["wanting", "want"],
["spinning", "spin"],
["releasing", "release"],
["committing", "commit"],
["striking", "strike"],
["hiking", "hike"],
["splitting", "split"],
["driving", "drive"],
["losing", "lose"],
["drinking", "drink"],
["designing", "design"],
["swearing", "swear"],
["shooting", "shoot"],
["wetting", "wet"],
["suiting", "suit"],
["testing", "test"],
["having", "have"],
["stinking", "stink"],
["contacting", "contact"],
["including", "include"],
["subletting", "sublet"],
["taking", "take"],
["burning", "burn"],
["living", "live"],
["mistaking", "mistake"],
["cutting", "cut"],
["meaning", "mean"],
["accepting", "accept"],
["increasing", "increase"],
["digging", "dig"],
["wearing", "wear"],
["forecasting", "forecast"],
["expressing", "express"],
["checking", "check"],
["affecting", "affect"],
["joining", "join"],
["smoking", "smoke"],
["daring", "dare"],
["training", "train"],
["repeating", "repeat"],
["measuring", "measure"],
["drawing", "draw"],
["seeking", "seek"],
["handling", "handle"],
["basing", "base"],
["needing", "need"],
["founding", "found"],
["comparing", "compare"],
["consisting", "consist"],
["keeping", "keep"],
["binding", "bind"],
["opening", "open"],
["blowing", "blow"],
["shoeing", "shoe"],
["supplying", "supply"],
["tending", "tend"],
["washing", "wash"],
["achieving", "achieve"],
["moving", "move"],
["sorting", "sort"],
["becoming", "become"],
["missing", "miss"],
["failing", "fail"],
["managing", "manage"],
["accounting", "account"],
["stringing", "string"],
["covering", "cover"],
["holding", "hold"],
["placing", "place"],
["inputting", "input"],
["controlling", "control"],
["using", "use"],
["causing", "cause"],
["fooz", "barz"]
]
