[
["Harare", "Zimbabwe"],
["Lusaka", "Zambia"],
["Sanaá", "Yemen"],
["Hanoi", "Vietnam"],
["Caracas", "Venezuela"],
["Port Vila", "Vanuatu"],
["Tashkent", "Uzbekistan"],
["Montevideo", "Uruguay"],
["Washington, D.C.", "America"],
["Washington, D.C.", "U S A"],
["Washington, D.C.", "U S"],
["Washington, D.C.", "US"],
["Washington, D.C.", "USA"],
["Washington, D.C.", "United States"],
["London", "United Kingdom"],
["Abu Dhabi", "United Arab Emirates"],
["Kiev", "Ukraine"],
["Kampala", "Uganda"],
["Funafuti", "Tuvalu"],
["Ashgabat", "Turkmenistan"],
["Ankara", "Turkey"],
["Tunis", "Tunisia"],
["Port-of-Spain", "Trinidad and Tobago"],
["Nuku'alofa", "Tonga"],
["Lomé", "Togo"],
["Bangkok", "Thailand"],
["Dodoma", "Tanzania"],
["Dushanbe", "Tajikistan"],
["Taipei", "Taiwan"],
["Damascus", "Syria"],
["Bern", "Switzerland"],
["Stockholm", "Sweden"],
["Mbabane", "Swaziland"],
["Paramaribo", "Suriname"],
["Khartoum", "Sudan"],
["Colombo", "Sri Lanka"],
["Madrid", "Spain"],
["Juba", "South Sudan"],
["Pretoria", "South Africa"],
["Mogadishu", "Somalia"],
["Honiara", "Solomon Islands"],
["Ljubljana", "Slovenia"],
["Bratislava", "Slovakia"],
["Singapore", "Singapore"],
["Freetown", "Sierra Leone"],
["Victoria", "Seychelles"],
["Belgrade", "Serbia"],
["Dakar", "Senegal"],
["Riyadh", "Saudi Arabia"],
["São Tomé", "São Tomé and Príncipe"],
["San Marino", "San Marino"],
["Apia", "Samoa"],
["Kingstown", "St. Vincent and the Grenadines"],
["Castries", "St. Lucia"],
["Basseterre", "St. Kitts and Nevis"],
["Kigali", "Rwanda"],
["Moscow", "Russia"],
["Bucharest", "Romania"],
["Doha", "Qatar"],
["Lisbon", "Portugal"],
["Warsaw", "Poland"],
["Manila", "Philippines"],
["Lima", "Peru"],
["Asunción", "Paraguay"],
["Port Moresby", "Papua New Guinea"],
["Panama City", "Panama"],
["Koror", "Palau"],
["Islamabad", "Pakistan"],
["Muscat", "Oman"],
["Oslo", "Norway"],
["Abuja", "Nigeria"],
["Niamey", "Niger"],
["Managua", "Nicaragua"],
["Wellington", "New Zealand"],
["Amsterdam", "Netherlands"],
["Kathmandu", "Nepal"],
["Yaren", "Nauru"],
["Windhoek", "Namibia"],
["Rangoon", "Myanmar"],
["Maputo", "Mozambique"],
["Rabat", "Morocco"],
["Podgorica", "Montenegro"],
["Ulaan Baatar", "Mongolia"],
["Monaco", "Monaco"],
["Chisinau", "Moldova"],
["Palikir 11", "Micronesia"],
["Mexico City", "Mexico"],
["Port Louis", "Mauritius"],
["Nouakchott", "Mauritania"],
["Majuro", "Marshall Islands"],
["Valletta", "Malta"],
["Bamako", "Mali"],
["Malé", "Maldives"],
["Kuala Lumpur", "Malaysia"],
["Lilongwe", "Malawi"],
["Antananarivo", "Madagascar"],
["Skopje", "Macedonia"],
["Luxembourg", "Luxembourg"],
["Vilnius", "Lithuania"],
["Vaduz", "Liechtenstein"],
["Tripoli", "Libya"],
["Monrovia", "Liberia"],
["Maseru 173", "Lesotho"],
["Beirut", "Lebanon"],
["Riga", "Latvia"],
["Vientiane", "Laos"],
["Bishkek", "Kyrgyzstan"],
["Kuwait", "Kuwait"],
["Pristina", "Kosovo"],
["Seoul", "Korea"],
["Pyongyang", "North Korea"],
["Tarawa", "Kiribati"],
["Nairobi", "Kenya"],
["Astana", "Kazakhstan"],
["Amman", "Jordan"],
["Tokyo", "Japan"],
["Kingston", "Jamaica"],
["Rome", "Italy"],
["Jerusalem", "Israel"],
["Dublin", "Ireland"],
["Baghdad", "Iraq"],
["Tehran", "Iran"],
["Jakarta", "Indonesia"],
["New Delhi", "India"],
["Reykjavik", "Iceland"],
["Budapest", "Hungary"],
["Tegucigalpa", "Honduras"],
["Port-au-Prince", "Haiti"],
["Georgetown", "Guyana"],
["Bissau", "Guinea-Bissau"],
["Conakry", "Guinea"],
["Guatemala City", "Guatemala"],
["St. George's", "Grenada"],
["Athens", "Greece"],
["Accra", "Ghana"],
["Berlin", "Germany"],
["Tbilisi", "Georgia"],
["Banjul", "Gambia"],
["Libreville", "Gabon"],
["Paris", "France"],
["Helsinki", "Finland"],
["Suva", "Fiji"],
["Addis Ababa", "Ethiopia"],
["Tallinn", "Estonia"],
["Asmara", "Eritrea"],
["Malabo", "Equatorial Guinea"],
["San Salvador", "El Salvador"],
["Cairo", "Egypt"],
["Quito 1", "Ecuador"],
["Dili", "East Timor"],
["Santo Domingo", "Dominican Republic"],
["Roseau", "Dominica"],
["Djibouti", "Djibouti"],
["Copenhagen", "Denmark"],
["Prague", "Czech Republic"],
["Lefkosia", "Cyprus"],
["Havana", "Cuba"],
["Zagreb", "Croatia"],
["Yamoussoukro", "Côte d'Ivoire"],
["San José", "Costa Rica"],
["Brazzaville", "Republic of Congo"],
["Kinshasa", "Democratic Republic of the Congo"],
["Moroni", "Comoros"],
["Santafé de Bogotá", "Colombia"],
["Beijing", "China"],
["Santiago", "Chile"],
["N'Djamena", "Chad"],
["Bangui", "Central African Republic"],
["Praia", "Cape Verde"],
["Ottawa", "Canada"],
["Yaoundé", "Cameroon"],
["Phnom Penh", "Cambodia"],
["Bujumbura", "Burundi"],
["Ouagadougou", "Burkina Faso"],
["Sofia", "Bulgaria"],
["Bandar Seri Begawan", "Brunei"],
["Brasília", "Brazil"],
["Gaborone", "Botswana"],
["Sarajevo", "Bosnia and Herzegovina"],
["Sucre", "Bolivia"],
["Thimphu", "Bhutan"],
["Porto-Novo", "Benin"],
["Belmopan", "Belize"],
["Brussels", "Belgium"],
["Minsk", "Belarus"],
["Bridgetown", "Barbados"],
["Dhaka", "Bangladesh"],
["Al-Manámah", "Bahrain"],
["Nassau", "Bahamas"],
["Baku", "Azerbaijan"],
["Vienna", "Austria"],
["Canberra", "Australia"],
["Yerevan", "Armenia"],
["Buenos Aires", "Argentina"],
["St. John's", "Antigua and Barbuda"],
["Luanda", "Angola"],
["Andorra la Vella", "Andorra"],
["Algiers", "Algeria"],
["Tirana", "Albania"],
["Kabul", "Afghanistan"],
["fooz", "barz"]
]
