[
["Trenton", "NEW JERSEY"],
["Topeka", "KANSAS"],
["Tallahassee", "FLORIDA"],
["Springfield", "ILLINOIS"],
["Santa Fe", "NEW MEXICO"],
["Salt Lake City", "UTAH"],
["Salem", "OREGON"],
["Saint Paul", "MINNESOTA"],
["Sacramento", "CALIFORNIA"],
["Richmond", "VIRGINIA"],
["Raleigh", "NORTH CAROLINA"],
["Providence", "RHODE ISLAND"],
["Pierre", "SOUTH DAKOTA"],
["Phoenix", "ARIZONA"],
["Olympia", "WASHINGTON"],
["Oklahoma City", "OKLAHOMA"],
["Nashville", "TENNESSEE"],
["Montpelier", "VERMONT"],
["Montgomery", "ALABAMA"],
["Madison", "WISCONSIN"],
["Little Rock", "ARKANSAS"],
["Lincoln", "NEBRASKA"],
["Lansing", "MICHIGAN"],
["Juneau", "ALASKA"],
["Jefferson City", "MISSOURI"],
["Jackson", "MISSISSIPPI"],
["Indianapolis", "INDIANA"],
["Honolulu", "HAWAII"],
["Helena", "MONTANA"],
["Hartford", "CONNECTICUT"],
["Harrisburg", "PENNSYLVANIA"],
["Frankfort", "KENTUCKY"],
["Dover", "DELAWARE"],
["Des Moines", "IOWA"],
["Denver", "COLORADO"],
["Concord", "NEW HAMPSHIRE"],
["Columbus", "OHIO"],
["Columbia", "SOUTH CAROLINA"],
["Cheyenne", "WYOMING"],
["Charleston", "WEST VIRGINIA"],
["Carson City", "NEVADA"],
["Boston", "MASSACHUSETTS"],
["Boise", "IDAHO"],
["Bismarck", "NORTH DAKOTA"],
["Baton Rouge", "LOUISIANA"],
["Austin", "TEXAS"],
["Augusta", "MAINE"],
["Atlanta", "GEORGIA"],
["Annapolis", "MARYLAND"],
["Albany", "NEW YORK"],
["fooz", "barz"]
]
