[
["kicks", "kick"],
["sublets", "sublet"],
["uses", "use"],
["withstands", "withstand"],
["develops", "develop"],
["learns", "learn"],
["deals", "deal"],
["refers", "refer"],
["opens", "open"],
["hunts", "hunt"],
["hurts", "hurt"],
["forms", "form"],
["wets", "wet"],
["shuts", "shut"],
["increases", "increase"],
["designs", "design"],
["rides", "ride"],
["controls", "control"],
["misses", "miss"],
["turns", "turn"],
["claps", "clap"],
["prepares", "prepare"],
["breaks", "break"],
["demands", "demand"],
["knits", "knit"],
["encourages", "encourage"],
["expresses", "express"],
["spoils", "spoil"],
["knows", "know"],
["wants", "want"],
["comes", "come"],
["intends", "intend"],
["bids", "bid"],
["throws", "throw"],
["regards", "regard"],
["goes", "go"],
["shoes", "shoe"],
["returns", "return"],
["rings", "ring"],
["fishes", "fish"],
["shoots", "shoot"],
["puts", "put"],
["alights", "alight"],
["pushes", "push"],
["concerns", "concern"],
["repeats", "repeat"],
["adds", "add"],
["swims", "swim"],
["answers", "answer"],
["swells", "swell"],
["dies", "die"],
["decides", "decide"],
["hates", "hate"],
["corrects", "correct"],
["shakes", "shake"],
["represents", "represent"],
["overhears", "overhear"],
["cares", "care"],
["rests", "rest"],
["avoids", "avoid"],
["performs", "perform"],
["watches", "watch"],
["believes", "believe"],
["separates", "separate"],
["presses", "press"],
["seems", "seem"],
["minds", "mind"],
["costs", "cost"],
["hangs", "hang"],
["stings", "sting"],
["grows", "grow"],
["beholds", "behold"],
["wins", "win"],
["broadcasts", "broadcast"],
["wills", "will"],
["replies", "reply"],
["covers", "cover"],
["inputs", "input"],
["cans", "can"],
["bleeds", "bleed"],
["slings", "sling"],
["matters", "matter"],
["divides", "divide"],
["knocks", "knock"],
["wishes", "wish"],
["weeps", "weep"],
["leans", "lean"],
["considers", "consider"],
["vexes", "vex"],
["refuses", "refuse"],
["remembers", "remember"],
["understands", "understand"],
["rolls", "roll"],
["leaves", "leave"],
["arrives", "arrive"],
["feels", "feel"],
["bases", "base"],
["applies", "apply"],
["handles", "handle"],
["serves", "serve"],
["admits", "admit"],
["drops", "drop"],
["shrinks", "shrink"],
["wonders", "wonder"],
["climbs", "climb"],
["protects", "protect"],
["strives", "strive"],
["sweeps", "sweep"],
["provides", "provide"],
["accounts", "account"],
["presets", "preset"],
["sounds", "sound"],
["draws", "draw"],
["soothsays", "soothsay"],
["agrees", "agree"],
["appears", "appear"],
["withholds", "withhold"],
["survives", "survive"],
["listens", "listen"],
["strings", "string"],
["stinks", "stink"],
["treads", "tread"],
["argues", "argue"],
["slides", "slide"],
["cries", "cry"],
["identifies", "identify"],
["sorts", "sort"],
["teaches", "teach"],
["slinks", "slink"],
["bursts", "burst"],
["saves", "save"],
["enables", "enable"],
["misleads", "mislead"],
["shares", "share"],
["explains", "explain"],
["places", "place"],
["dares", "dare"],
["tells", "tell"],
["charges", "charge"],
["reports", "report"],
["overdraws", "overdraw"],
["suggests", "suggest"],
["springs", "spring"],
["sees", "see"],
["supposes", "suppose"],
["splits", "split"],
["undertakes", "undertake"],
["loses", "lose"],
["takes", "take"],
["abides", "abide"],
["contacts", "contact"],
["seeks", "seek"],
["spells", "spell"],
["withdraws", "withdraw"],
["sinks", "sink"],
["raises", "raise"],
["dreams", "dream"],
["faces", "face"],
["affects", "affect"],
["invites", "invite"],
["happens", "happen"],
["runs", "run"],
["stays", "stay"],
["produces", "produce"],
["sticks", "stick"],
["falls", "fall"],
["sits", "sit"],
["fights", "fight"],
["works", "work"],
["speaks", "speak"],
["bends", "bend"],
["weaves", "weave"],
["builds", "build"],
["catches", "catch"],
["reduces", "reduce"],
["accepts", "accept"],
["rises", "rise"],
["kills", "kill"],
["suits", "suit"],
["dresses", "dress"],
["weds", "wed"],
["clings", "cling"],
["leads", "lead"],
["eats", "eat"],
["reveals", "reveal"],
["states", "state"],
["notices", "notice"],
["fails", "fail"],
["lies", "lie"],
["acts", "act"],
["foresees", "foresee"],
["owns", "own"],
["indicates", "indicate"],
["dwells", "dwell"],
["strips", "strip"],
["travels", "travel"],
["undergoes", "undergo"],
["reads", "read"],
["kneels", "kneel"],
["realizes", "realize"],
["calls", "call"],
["awakes", "awake"],
["heads", "head"],
["dances", "dance"],
["rids", "rid"],
["supplies", "supply"],
["points", "point"],
["receives", "receive"],
["sneaks", "sneak"],
["occurs", "occur"],
["flings", "fling"],
["passes", "pass"],
["checks", "check"],
["forecasts", "forecast"],
["feeds", "feed"],
["changes", "change"],
["lets", "let"],
["removes", "remove"],
["bears", "bear"],
["thrusts", "thrust"],
["recognizes", "recognize"],
["foretells", "foretell"],
["spins", "spin"],
["cleans", "clean"],
["hides", "hide"],
["tears", "tear"],
["buys", "buy"],
["forsakes", "forsake"],
["gets", "get"],
["gives", "give"],
["sunburns", "sunburn"],
["is", "be"],
["drives", "drive"],
["sows", "sow"],
["allows", "allow"],
["chooses", "choose"],
["sends", "send"],
["includes", "include"],
["becomes", "become"],
["handwrites", "handwrite"],
["causes", "cause"],
["lives", "live"],
["likes", "like"],
["enjoys", "enjoy"],
["freezes", "freeze"],
["copies", "copy"],
["beats", "beat"],
["presents", "present"],
["requires", "require"],
["means", "mean"],
["clothes", "clothe"],
["extends", "extend"],
["achieves", "achieve"],
["joins", "join"],
["relates", "relate"],
["loves", "love"],
["writes", "write"],
["sets", "set"],
["wakes", "wake"],
["results", "result"],
["looks", "look"],
["fastens", "fasten"],
["warns", "warn"],
["studies", "study"],
["pulls", "pull"],
["hikes", "hike"],
["contains", "contain"],
["reflects", "reflect"],
["bets", "bet"],
["finds", "find"],
["remains", "remain"],
["marks", "mark"],
["tends", "tend"],
["disappears", "disappear"],
["follows", "follow"],
["sings", "sing"],
["worries", "worry"],
["sweats", "sweat"],
["shines", "shine"],
["thinks", "think"],
["clears", "clear"],
["succeeds", "succeed"],
["helps", "help"],
["links", "link"],
["brings", "bring"],
["sleeps", "sleep"],
["grinds", "grind"],
["sews", "sew"],
["saws", "saw"],
["cuts", "cut"],
["denies", "deny"],
["casts", "cast"],
["tests", "test"],
["walks", "walk"],
["completes", "complete"],
["publishes", "publish"],
["spills", "spill"],
["closes", "close"],
["upsets", "upset"],
["settles", "settle"],
["votes", "vote"],
["shears", "shear"],
["swears", "swear"],
["experiences", "experience"],
["plans", "plan"],
["speeds", "speed"],
["winds", "wind"],
["records", "record"],
["measures", "measure"],
["holds", "hold"],
["counts", "count"],
["steals", "steal"],
["pays", "pay"],
["bites", "bite"],
["thrives", "thrive"],
["mows", "mow"],
["binds", "bind"],
["damages", "damage"],
["wrings", "wring"],
["hopes", "hope"],
["delivers", "deliver"],
["imagines", "imagine"],
["busts", "bust"],
["hears", "hear"],
["mentions", "mention"],
["connects", "connect"],
["consists", "consist"],
["says", "say"],
["carries", "carry"],
["burns", "burn"],
["asks", "ask"],
["folds", "fold"],
["shops", "shop"],
["destroys", "destroy"],
["founds", "found"],
["crosses", "cross"],
["influences", "influence"],
["suffers", "suffer"],
["discusses", "discuss"],
["improves", "improve"],
["inlays", "inlay"],
["manages", "manage"],
["visits", "visit"],
["blows", "blow"],
["spreads", "spread"],
["reaches", "reach"],
["breeds", "breed"],
["touches", "touch"],
["makes", "make"],
["quits", "quit"],
["shaves", "shave"],
["leaps", "leap"],
["contributes", "contribute"],
["spends", "spend"],
["dives", "dive"],
["keeps", "keep"],
["complains", "complain"],
["lends", "lend"],
["prefers", "prefer"],
["tries", "try"],
["interlays", "interlay"],
["waits", "wait"],
["treats", "treat"],
["lights", "light"],
["fits", "fit"],
["meets", "meet"],
["melts", "melt"],
["drinks", "drink"],
["expects", "expect"],
["washes", "wash"],
["cooks", "cook"],
["does", "do"],
["flies", "fly"],
["spits", "spit"],
["wears", "wear"],
["talks", "talk"],
["orders", "order"],
["flees", "flee"],
["forces", "force"],
["creeps", "creep"],
["belongs", "belong"],
["begins", "begin"],
["releases", "release"],
["replaces", "replace"],
["claims", "claim"],
["involves", "involve"],
["strides", "stride"],
["trains", "train"],
["aims", "aim"],
["depends", "depend"],
["sells", "sell"],
["describes", "describe"],
["informs", "inform"],
["overtakes", "overtake"],
["has", "have"],
["plays", "play"],
["moves", "move"],
["proves", "prove"],
["collects", "collect"],
["strikes", "strike"],
["gains", "gain"],
["exists", "exist"],
["picks", "pick"],
["stands", "stand"],
["starts", "start"],
["smiles", "smile"],
["slays", "slay"],
["introduces", "introduce"],
["prevents", "prevent"],
["needs", "need"],
["forgives", "forgive"],
["jumps", "jump"],
["slits", "slit"],
["arises", "arise"],
["commits", "commit"],
["fills", "fill"],
["obtains", "obtain"],
["forbids", "forbid"],
["shouts", "shout"],
["lasts", "last"],
["stops", "stop"],
["arranges", "arrange"],
["examines", "examine"],
["lays", "lay"],
["forgets", "forget"],
["mistakes", "mistake"],
["continues", "continue"],
["smokes", "smoke"],
["attacks", "attack"],
["frostbites", "frostbite"],
["sheds", "shed"],
["promises", "promise"],
["smells", "smell"],
["misunderstands", "misunderstand"],
["hits", "hit"],
["digs", "dig"],
["shows", "show"],
["offers", "offer"],
["discovers", "discover"],
["confirms", "confirm"],
["laughs", "laugh"],
["compares", "compare"],
["limits", "limit"],
["finishes", "finish"],
["thanks", "thank"],
["affords", "afford"],
["creates", "create"],
["supports", "support"],
["swings", "swing"],
["surfs", "surf"],
["fooz", "barz"]
]
