[
["Zimbabwe", "Harare"],
["Zambia", "Lusaka"],
["Yemen", "Sanaá"],
["Vietnam", "Hanoi"],
["Venezuela", "Caracas"],
["Vanuatu", "Port Vila"],
["Uzbekistan", "Tashkent"],
["Uruguay", "Montevideo"],
["America", "Washington, D.C."],
["U S A", "Washington, D.C."],
["U S", "Washington, D.C."],
["US", "Washington, D.C."],
["USA", "Washington, D.C."],
["United States", "Washington, D.C."],
["United Kingdom", "London"],
["United Arab Emirates", "Abu Dhabi"],
["Ukraine", "Kiev"],
["Uganda", "Kampala"],
["Tuvalu", "Funafuti"],
["Turkmenistan", "Ashgabat"],
["Turkey", "Ankara"],
["Tunisia", "Tunis"],
["Trinidad and Tobago", "Port-of-Spain"],
["Tonga", "Nuku'alofa"],
["Togo", "Lomé"],
["Thailand", "Bangkok"],
["Tanzania", "Dodoma"],
["Tajikistan", "Dushanbe"],
["Taiwan", "Taipei"],
["Syria", "Damascus"],
["Switzerland", "Bern"],
["Sweden", "Stockholm"],
["Swaziland", "Mbabane"],
["Suriname", "Paramaribo"],
["Sudan", "Khartoum"],
["Sri Lanka", "Colombo"],
["Spain", "Madrid"],
["South Sudan", "Juba"],
["South Africa", "Pretoria"],
["Somalia", "Mogadishu"],
["Solomon Islands", "Honiara"],
["Slovenia", "Ljubljana"],
["Slovakia", "Bratislava"],
["Singapore", "Singapore"],
["Sierra Leone", "Freetown"],
["Seychelles", "Victoria"],
["Serbia", "Belgrade"],
["Senegal", "Dakar"],
["Saudi Arabia", "Riyadh"],
["São Tomé and Príncipe", "São Tomé"],
["San Marino", "San Marino"],
["Samoa", "Apia"],
["St. Vincent and the Grenadines", "Kingstown"],
["St. Lucia", "Castries"],
["St. Kitts and Nevis", "Basseterre"],
["Rwanda", "Kigali"],
["Russia", "Moscow"],
["Romania", "Bucharest"],
["Qatar", "Doha"],
["Portugal", "Lisbon"],
["Poland", "Warsaw"],
["Philippines", "Manila"],
["Peru", "Lima"],
["Paraguay", "Asunción"],
["Papua New Guinea", "Port Moresby"],
["Panama", "Panama City"],
["Palau", "Koror"],
["Pakistan", "Islamabad"],
["Oman", "Muscat"],
["Norway", "Oslo"],
["Nigeria", "Abuja"],
["Niger", "Niamey"],
["Nicaragua", "Managua"],
["New Zealand", "Wellington"],
["Netherlands", "Amsterdam"],
["Nepal", "Kathmandu"],
["Nauru", "Yaren"],
["Namibia", "Windhoek"],
["Myanmar", "Rangoon"],
["Mozambique", "Maputo"],
["Morocco", "Rabat"],
["Montenegro", "Podgorica"],
["Mongolia", "Ulaan Baatar"],
["Monaco", "Monaco"],
["Moldova", "Chisinau"],
["Micronesia", "Palikir 11"],
["Mexico", "Mexico City"],
["Mauritius", "Port Louis"],
["Mauritania", "Nouakchott"],
["Marshall Islands", "Majuro"],
["Malta", "Valletta"],
["Mali", "Bamako"],
["Maldives", "Malé"],
["Malaysia", "Kuala Lumpur"],
["Malawi", "Lilongwe"],
["Madagascar", "Antananarivo"],
["Macedonia", "Skopje"],
["Luxembourg", "Luxembourg"],
["Lithuania", "Vilnius"],
["Liechtenstein", "Vaduz"],
["Libya", "Tripoli"],
["Liberia", "Monrovia"],
["Lesotho", "Maseru 173"],
["Lebanon", "Beirut"],
["Latvia", "Riga"],
["Laos", "Vientiane"],
["Kyrgyzstan", "Bishkek"],
["Kuwait", "Kuwait"],
["Kosovo", "Pristina"],
["Korea", "Seoul"],
["North Korea", "Pyongyang"],
["Kiribati", "Tarawa"],
["Kenya", "Nairobi"],
["Kazakhstan", "Astana"],
["Jordan", "Amman"],
["Japan", "Tokyo"],
["Jamaica", "Kingston"],
["Italy", "Rome"],
["Israel", "Jerusalem"],
["Ireland", "Dublin"],
["Iraq", "Baghdad"],
["Iran", "Tehran"],
["Indonesia", "Jakarta"],
["India", "New Delhi"],
["Iceland", "Reykjavik"],
["Hungary", ""],
["Honduras", "Tegucigalpa"],
["Haiti", "Port-au-Prince"],
["Guyana", "Georgetown"],
["Guinea-Bissau", "Bissau"],
["Guinea", "Conakry"],
["Guatemala", "Guatemala City"],
["Grenada", "St. George's"],
["Greece", "Athens"],
["Ghana", "Accra"],
["Germany", "Berlin"],
["Georgia", "Tbilisi"],
["Gambia", "Banjul"],
["Gabon", "Libreville"],
["France", "Paris"],
["Finland", "Helsinki"],
["Fiji", "Suva"],
["Ethiopia", "Addis Ababa"],
["Estonia", "Tallinn"],
["Eritrea", "Asmara"],
["Equatorial Guinea", "Malabo"],
["El Salvador", "San Salvador"],
["Egypt", "Cairo"],
["Ecuador", "Quito 1"],
["East Timor", "Dili"],
["Dominican Republic", "Santo Domingo"],
["Dominica", "Roseau"],
["Djibouti", "Djibouti"],
["Denmark", "Copenhagen"],
["Czech Republic", "Prague"],
["Cyprus", "Lefkosia"],
["Cuba", "Havana"],
["Croatia", "Zagreb"],
["Côte d'Ivoire", "Yamoussoukro"],
["Costa Rica", "San José"],
["Republic of Congo", "Brazzaville"],
["Democratic Republic of the Congo", "Kinshasa"],
["Comoros", "Moroni"],
["Colombia", "Santafé de Bogotá"],
["China", "Beijing"],
["Chile", "Santiago"],
["Chad", "N'Djamena"],
["Central African Republic", "Bangui"],
["Cape Verde", "Praia"],
["Canada", "Ottawa"],
["Cameroon", "Yaoundé"],
["Cambodia", "Phnom Penh"],
["Burundi", "Bujumbura"],
["Burkina Faso", "Ouagadougou"],
["Bulgaria", "Sofia"],
["Brunei", "Bandar Seri Begawan"],
["Brazil", "Brasília"],
["Botswana", "Gaborone"],
["Bosnia and Herzegovina", "Sarajevo"],
["Bolivia", "Sucre"],
["Bhutan", "Thimphu"],
["Benin", "Porto-Novo"],
["Belize", "Belmopan"],
["Belgium", "Brussels"],
["Belarus", "Minsk"],
["Barbados", "Bridgetown"],
["Bangladesh", "Dhaka"],
["Bahrain", "Al-Manámah"],
["Bahamas", "Nassau"],
["Azerbaijan", "Baku"],
["Austria", "Vienna"],
["Australia", "Canberra"],
["Armenia", "Yerevan"],
["Argentina", "Buenos Aires"],
["Antigua and Barbuda", "St. John's"],
["Angola", "Luanda"],
["Andorra", "Andorra la Vella"],
["Algeria", "Algiers"],
["Albania", "Tirana"],
["Afghanistan", "Kabul"],
["fooz", "barz"]
]
