[
["outdoors", "indoors"],
["indoors", "outdoors"],
["around", "in"],
["in", "around"],
["under", "on"],
["on", "under"],
["west of", "east of"],
["underneath", "above"],
["trailing", "ahead of"],
["south of", "north of"],
["right of", "left of"],
["opposite", "opposite"],
["on top of", "below"],
["north of", "south of"],
["next to", "next to"],
["near", "near"],
["near to", "near to"],
["left of", "right of"],
["inside", "around"],
["inside of", "around"],
["in front of", "behind"],
["far from", "far from"],
["east of", "west of"],
["close to", "close to"],
["beside", "beside"],
["beneath", "above"],
["below", "on top of"],
["below", "atop"],
["below", "above"],
["behind", "in front of"],
["atop", "below"],
["around", "inside of"],
["around", "inside"],
["alongside", "alongside"],
["along", "along"],
["ahead of", "trailing"],
["against", "against"],
["across from", "across from"],
["above", "underneath"],
["above", "beneath"],
["above", "below"],
["darker", "lighter"],
["shallower", "deeper"],
["narrower", "wider"],
["shorter", "taller"],
["lighter", "heavier"],
["slower", "faster"],
["larger", "smaller"],
["smaller", "bigger"],
["lower", "higher"],
["younger", "older"],
["shorter", "taller"],
["brighter", "darker"],
["deeper", "shallower"],
["wider", "narrower"],
["longer", "shorter"],
["heavier", "lighter"],
["faster", "slower"],
["bigger", "smaller"],
["higher", "lower"],
["older", "younger"],
["taller", "shorter"],
["closer", "further"],
["farther", "closer"],
["further", "closer"],
["Night", "Day"],
["Old", "Young"],
["Narrow", "Wide"],
["Dry", "Wet"],
["Cool", "Warm"],
["Loose", "Tight"],
["Thin", "Thick"],
["Short", "Tall"],
["Weak", "Strong"],
["Hard", "Soft"],
["Rough", "Smooth"],
["Married", "Single"],
["Dangerous", "Safe"],
["Wrong", "Right"],
["Left", "Right"],
["Poor", "Rich"],
["Old", "New"],
["Few", "Many"],
["Soft", "Loud"],
["Short", "Long"],
["Dark", "Light"],
["Boring", "Interesting"],
["Outside", "Inside"],
["Out", "In"],
["Cold", "Hot"],
["Low", "High"],
["There", "Here"],
["Light", "Heavy"],
["Sad", "Happy"],
["Bad", "Good"],
["Empty", "Full"],
["Skinny", "Fat"],
["Thin", "Fat"],
["Slow", "Fast"],
["Near", "Far"],
["Close", "Far"],
["Hard", "Easy"],
["Difficult", "Easy"],
["Late", "Early"],
["Up", "Down"],
["Shallow", "Deep"],
["Dirty", "Clean"],
["Expensive", "Cheap"],
["Small", "Big"],
["Little", "Big"],
["Young", "Old"],
["Wide", "Narrow"],
["Wet", "Dry"],
["Warm", "Cool"],
["Tight", "Loose"],
["Thick", "Thin"],
["Tall", "Short"],
["Strong", "Weak"],
["Soft", "Hard"],
["Smooth", "Rough"],
["Single", "Married"],
["Safe", "Dangerous"],
["Right", "Wrong"],
["Right", "Left"],
["Rich", "Poor"],
["New", "Old"],
["Many", "Few"],
["Loud", "Soft"],
["Long", "Short"],
["Light", "Dark"],
["Interesting", "Boring"],
["Inside", "Outside"],
["In", "Out"],
["Hot", "Cold"],
["High", "Low"],
["Here", "There"],
["Heavy", "Light"],
["Happy", "Sad"],
["Good", "Bad"],
["Full", "Empty"],
["Fat", "Skinny"],
["Fat", "Thin"],
["Fast", "Slow"],
["Far", "Near"],
["Far", "Close"],
["Easy", "Hard"],
["Easy", "Difficult"],
["Early", "Late"],
["Down", "Up"],
["Deep", "Shallow"],
["Clean", "Dirty"],
["Cheap", "Expensive"],
["Big", "Small"],
["Big", "Little"],
["darkest", "lighter"],
["shallowest", "deepest"],
["narrowest", "widest"],
["shortest", "tallest"],
["lightest", "heaviest"],
["slowest", "fastest"],
["largest", "smallest"],
["smallest", "biggest"],
["lowest", "highest"],
["youngest", "oldest"],
["shortest", "tallest"],
["brightest", "darkest"],
["deepest", "shallowest"],
["widest", "narrowest"],
["longest", "shortest"],
["heaviest", "lightest"],
["fastest", "slowest"],
["biggest", "smallest"],
["highest", "lowest"],
["oldest", "youngest"],
["tallest", "shortest"],
["closest", "furthest"],
["farthest", "closest"],
["furthest", "closest"],
["closer", "further"],
["farther", "closer"],
["further", "closer"],
["fooz", "barz"]
]
