[
["32nd", "32"],
["31st", "31"],
["30th", "30"],
["29th", "29"],
["28th", "28"],
["27th", "27"],
["26th", "26"],
["25th", "25"],
["24th", "24"],
["23rd", "23"],
["22nd", "22"],
["21st", "21"],
["20th", "20"],
["19th", "19"],
["18th", "18"],
["17th", "17"],
["16th", "16"],
["15th", "15"],
["14th", "14"],
["13th", "13"],
["12th", "12"],
["11th", "11"],
["10th", "10"],
["9th", "9"],
["8th", "8"],
["7th", "7"],
["6th", "6"],
["5th", "5"],
["4th", "4"],
["3rd", "3"],
["2nd", "2"],
["1st", "1"],
["Thirty second", "32"],
["Thirty first", "31"],
["Thirtieth", "30"],
["Twenty ninth", "29"],
["Twenty eighth", "28"],
["Twenty seventh", "27"],
["Twenty sixth", "26"],
["Twenty fifth", "25"],
["Twenty fourth", "24"],
["Twenty third", "23"],
["Twenty second", "22"],
["Twenty first", "21"],
["Twentieth", "20"],
["Nineteenth", "19"],
["Eighteenth", "18"],
["Seventeenth", "17"],
["Sixteenth", "16"],
["Fifteenth", "15"],
["Fourteenth", "14"],
["Thirteenth", "13"],
["Twelfth", "12"],
["Eleventh", "11"],
["Tenth", "10"],
["Ninth", "9"],
["Eighth", "8"],
["Seventh", "7"],
["Sixth", "6"],
["Fifth", "5"],
["Fourth", "4"],
["Third", "3"],
["Second", "2"],
["First", "1"],
["fooz", "barz"]
]
