[
["wife", "wife"],
["town", "town"],
["street", "street"],
["status", "status"],
["state", "state"],
["sister", "sister"],
["road", "road"],
["residence", "residence"],
["religion", "religion"],
["province", "province"],
["orientation", "orientation"],
["niece", "niece"],
["nephew", "nephew"],
["mother", "mother"],
["middlename", "middlename"],
["longitute", "longitute"],
["location", "location"],
["likes", "likes"],
["latitude", "latitude"],
["last name", "lastname"],
["husband", "husband"],
["has", "has"],
["hair", "hair"],
["grandmother", "grandmother"],
["grandfather", "grandfather"],
["girlfriend", "girlfriend"],
["gender", "gender"],
["friend", "friend"],
["first name", "firstname"],
["favorite tv show", "favoritetvshow"],
["favorite sport", "favoritesport"],
["favorite song", "favoritesong"],
["favorite movie", "favoritemovie"],
["favorite ice cream", "favoriteicecream"],
["favorite food", "favoritefood"],
["favorite drink", "favoritedrink"],
["favorite color", "favoritecolor"],
["favorite car", "favoritecar"],
["favorite book", "favoritebook"],
["favorite band", "favoriteband"],
["favorite actress", "favoriteactress"],
["favorite actor", "favoriteactor"],
["father", "father"],
["employer", "employer"],
["email", "email"],
["dog", "dog"],
["daughter", "daughter"],
["county", "county"],
["country", "country"],
["city", "city"],
["cat", "cat"],
["brother", "brother"],
["boyfriend", "boyfriend"],
["birthplace", "birthplace"],
["birthday", "birthday"],
["bestfriend", "bestfriend"],
["baby", "baby"],
["age", "age"],
["address", "address"],
["fooz", "barz"]
]
