[
["WY", "Cheyenne"],
["WI", "Milwaukee"],
["WV", "Charleston"],
["WA", "Seattle"],
["VA", "Virginia Beach"],
["VT", "Burlington"],
["UT", "Salt Lake City"],
["TX", "Houston"],
["TN", "Memphis"],
["SD", "Sioux Falls"],
["SC", "Columbia"],
["RI", "Providence"],
["PA", "Philadelphia"],
["OR", "Portland"],
["OK", "Oklahoma City"],
["OH", "Columbus"],
["ND", "Fargo"],
["NC", "Charlotte"],
["NY", "New York"],
["NM", "Albuquerque"],
["NJ", "Newark"],
["NH", "Machester"],
["NV", "Las Vegas"],
["NE", "Omaha"],
["MT", "Billings"],
["MO", "Kansas City"],
["MS", "Jackson"],
["MN", "Minneapolis"],
["MI", "Detroit"],
["MA", "Boston"],
["MD", "Baltimore"],
["ME", "Portland"],
["LA", "New Orleans"],
["KY", "Louisville"],
["KS", "Wichita"],
["IA", "Des Moines"],
["IN", "Indianapolis"],
["IL", "Chicago"],
["ID", "Boise"],
["HI", "Honolulu"],
["GA", "Atlanta"],
["FL", "Jacksonville"],
["DE", "Wilmington"],
["CT", "Bridgeport"],
["CO", "Denver"],
["CA", "Los Angeles"],
["AR", "Little Rock"],
["AZ", "Phoenix"],
["AK", "Anchorage"],
["AL", "Birmingham"],
["WYOMING", "Cheyenne"],
["WISCONSIN", "Milwaukee"],
["WEST VIRGINIA", "Charleston"],
["WASHINGTON", "Seattle"],
["VIRGINIA", "Virginia Beach"],
["VERMONT", "Burlington"],
["UTAH", "Salt Lake City"],
["TEXAS", "Houston"],
["TENNESSEE", "Memphis"],
["SOUTH DAKOTA", "Sioux Falls"],
["SOUTH CAROLINA", "Columbia"],
["RHODE ISLAND", "Providence"],
["PENNSYLVANIA", "Philadelphia"],
["OREGON", "Portland"],
["OKLAHOMA", "Oklahoma City"],
["OHIO", "Columbus"],
["NORTH DAKOTA", "Fargo"],
["NORTH CAROLINA", "Charlotte"],
["NEW YORK", "New York"],
["NEW MEXICO", "Albuquerque"],
["NEW JERSEY", "Newark"],
["NEW HAMPSHIRE", "Machester"],
["NEVADA", "Las Vegas"],
["NEBRASKA", "Omaha"],
["MONTANA", "Billings"],
["MISSOURI", "Kansas City"],
["MISSISSIPPI", "Jackson"],
["MINNESOTA", "Minneapolis"],
["MICHIGAN", "Detroit"],
["MASSACHUSETTS", "Boston"],
["MARYLAND", "Baltimore"],
["MAINE", "Portland"],
["LOUISIANA", "New Orleans"],
["KENTUCKY", "Louisville"],
["KANSAS", "Wichita"],
["IOWA", "Des Moines"],
["INDIANA", "Indianapolis"],
["ILLINOIS", "Chicago"],
["IDAHO", "Boise"],
["HAWAII", "Honolulu"],
["GEORGIA", "Atlanta"],
["FLORIDA", "Jacksonville"],
["DELAWARE", "Wilmington"],
["CONNECTICUT", "Bridgeport"],
["COLORADO", "Denver"],
["CALIFORNIA", "Los Angeles"],
["ARKANSAS", "Little Rock"],
["ARIZONA", "Phoenix"],
["ALASKA", "Anchorage"],
["ALABAMA", "Birmingham"],
["fooz", "barz"]
]
