[
["WY", "Cheyenne"],
["WI", "Madison"],
["WV", "Charleston"],
["WA", "Olympia"],
["VA", "Richmond"],
["VT", "Montpelier"],
["UT", "Salt Lake City"],
["TX", "Austin"],
["TN", "Nashville"],
["SD", "Pierre"],
["SC", "Columbia"],
["RI", "Providence"],
["PA", "Harrisburg"],
["OR", "Salem"],
["OK", "Oklahoma City"],
["OH", "Columbus"],
["ND", "Bismarck"],
["NC", "Raleigh"],
["NY", "Albany"],
["NM", "Santa Fe"],
["NJ", "Trenton"],
["NH", "Concord"],
["NV", "Carson City"],
["NE", "Lincoln"],
["MT", "Helena"],
["MO", "Jefferson City"],
["MS", "Jackson"],
["MN", "Saint Paul"],
["MI", "Lansing"],
["MA", "Boston"],
["MD", "Annapolis"],
["ME", "Augusta"],
["LA", "Baton Rouge"],
["KY", "Frankfort"],
["KS", "Topeka"],
["IA", "Des Moines"],
["IN", "Indianapolis"],
["IL", "Springfield"],
["ID", "Boise"],
["HI", "Honolulu"],
["GA", "Atlanta"],
["FL", "Tallahassee"],
["DE", "Dover"],
["CT", "Hartford"],
["CO", "Denver"],
["CA", "Sacramento"],
["AR", "Little Rock"],
["AZ", "Phoenix"],
["AK", "Juneau"],
["AL", "Montgomery"],
["WYOMING", "Cheyenne"],
["WISCONSIN", "Madison"],
["WEST VIRGINIA", "Charleston"],
["WASHINGTON", "Olympia"],
["VIRGINIA", "Richmond"],
["VERMONT", "Montpelier"],
["UTAH", "Salt Lake City"],
["TEXAS", "Austin"],
["TENNESSEE", "Nashville"],
["SOUTH DAKOTA", "Pierre"],
["SOUTH CAROLINA", "Columbia"],
["RHODE ISLAND", "Providence"],
["PENNSYLVANIA", "Harrisburg"],
["OREGON", "Salem"],
["OKLAHOMA", "Oklahoma City"],
["OHIO", "Columbus"],
["NORTH DAKOTA", "Bismarck"],
["NORTH CAROLINA", "Raleigh"],
["NEW YORK", "Albany"],
["NEW MEXICO", "Santa Fe"],
["NEW JERSEY", "Trenton"],
["NEW HAMPSHIRE", "Concord"],
["NEVADA", "Carson City"],
["NEBRASKA", "Lincoln"],
["MONTANA", "Helena"],
["MISSOURI", "Jefferson City"],
["MISSISSIPPI", "Jackson"],
["MINNESOTA", "Saint Paul"],
["MICHIGAN", "Lansing"],
["MASSACHUSETTS", "Boston"],
["MARYLAND", "Annapolis"],
["MAINE", "Augusta"],
["LOUISIANA", "Baton Rouge"],
["KENTUCKY", "Frankfort"],
["KANSAS", "Topeka"],
["IOWA", "Des Moines"],
["INDIANA", "Indianapolis"],
["ILLINOIS", "Springfield"],
["IDAHO", "Boise"],
["HAWAII", "Honolulu"],
["GEORGIA", "Atlanta"],
["FLORIDA", "Tallahassee"],
["DELAWARE", "Dover"],
["CONNECTICUT", "Hartford"],
["COLORADO", "Denver"],
["CALIFORNIA", "Sacramento"],
["ARKANSAS", "Little Rock"],
["ARIZONA", "Phoenix"],
["ALASKA", "Juneau"],
["ALABAMA", "Montgomery"],
["fooz", "barz"]
]
