[
["missed", "miss"],
["started", "start"],
["claimed", "claim"],
["pushed", "push"],
["swam", "swim"],
["remembered", "remember"],
["applied", "apply"],
["drank", "drink"],
["came", "come"],
["dealt", "deal"],
["lit", "light"],
["pulled", "pull"],
["melted", "melt"],
["won", "win"],
["ate", "eat"],
["overdrew", "overdraw"],
["froze", "freeze"],
["protected", "protect"],
["forsook", "forsake"],
["contained", "contain"],
["misled", "mislead"],
["increased", "increase"],
["prepared", "prepare"],
["wore", "wear"],
["threw", "throw"],
["withheld", "withhold"],
["depended", "depend"],
["chose", "choose"],
["expressed", "express"],
["marked", "mark"],
["linked", "link"],
["drew", "draw"],
["shod", "shoe"],
["died", "die"],
["sawed", "saw"],
["turned", "turn"],
["sent", "send"],
["cared", "care"],
["shot", "shoot"],
["used", "use"],
["spilled", "spill"],
["connected", "connect"],
["hated", "hate"],
["belonged", "belong"],
["allowed", "allow"],
["based", "base"],
["folded", "fold"],
["jumped", "jump"],
["underwent", "undergo"],
["led", "lead"],
["inlaid", "inlay"],
["slit", "slit"],
["let", "let"],
["walked", "walk"],
["afforded", "afford"],
["overheard", "overhear"],
["foretold", "foretell"],
["covered", "cover"],
["shouted", "shout"],
["upset", "upset"],
["paid", "pay"],
["believed", "believe"],
["willed", "will"],
["watched", "watch"],
["wanted", "want"],
["dared", "dare"],
["wept", "weep"],
["mentioned", "mention"],
["separated", "separate"],
["ground", "grind"],
["failed", "fail"],
["dreamed", "dream"],
["beheld", "behold"],
["encouraged", "encourage"],
["pressed", "press"],
["put", "put"],
["wove", "weave"],
["cried", "cry"],
["divided", "divide"],
["saw", "see"],
["wished", "wish"],
["sat", "sit"],
["stopped", "stop"],
["happened", "happen"],
["did", "do"],
["wrung", "wring"],
["sold", "sell"],
["caned", "can"],
["slid", "slide"],
["refused", "refuse"],
["arrived", "arrive"],
["slept", "sleep"],
["represented", "represent"],
["accepted", "accept"],
["spoiled", "spoil"],
["went", "go"],
["filled", "fill"],
["shrank", "shrink"],
["vexed", "vex"],
["swelled", "swell"],
["mowed", "mow"],
["bent", "bend"],
["leaned", "lean"],
["swore", "swear"],
["interlaid", "interlay"],
["provided", "provide"],
["slew", "slay"],
["learned", "learn"],
["ordered", "order"],
["counted", "count"],
["needed", "need"],
["avoided", "avoid"],
["mattered", "matter"],
["shopped", "shop"],
["helped", "help"],
["extended", "extend"],
["resulted", "result"],
["sorted", "sort"],
["bred", "breed"],
["delivered", "deliver"],
["thrust", "thrust"],
["placed", "place"],
["replied", "reply"],
["arose", "arise"],
["shut", "shut"],
["struck", "strike"],
["inputted", "input"],
["mistook", "mistake"],
["succeeded", "succeed"],
["got", "get"],
["dug", "dig"],
["survived", "survive"],
["argued", "argue"],
["cast", "cast"],
["spelled", "spell"],
["clapped", "clap"],
["spun", "spin"],
["dove", "dive"],
["charged", "charge"],
["cost", "cost"],
["intended", "intend"],
["shone", "shine"],
["saved", "save"],
["surfed", "surf"],
["abided", "abide"],
["agreed", "agree"],
["enabled", "enable"],
["burned", "burn"],
["shared", "share"],
["presented", "present"],
["stung", "sting"],
["understood", "understand"],
["faced", "face"],
["woke", "wake"],
["affected", "affect"],
["handled", "handle"],
["identified", "identify"],
["served", "serve"],
["attacked", "attack"],
["climbed", "climb"],
["supposed", "suppose"],
["reflected", "reflect"],
["knitted", "knit"],
["corrected", "correct"],
["bust", "bust"],
["discovered", "discover"],
["invited", "invite"],
["checked", "check"],
["laid", "lay"],
["stripped", "strip"],
["fished", "fish"],
["picked", "pick"],
["gave", "give"],
["repeated", "repeat"],
["produced", "produce"],
["fastened", "fasten"],
["supplied", "supply"],
["suggested", "suggest"],
["dressed", "dress"],
["crept", "creep"],
["caught", "catch"],
["accounted", "account"],
["complained", "complain"],
["worked", "work"],
["handwrote", "handwrite"],
["designed", "design"],
["noticed", "notice"],
["brought", "bring"],
["sought", "seek"],
["bore", "bear"],
["stayed", "stay"],
["strode", "stride"],
["killed", "kill"],
["offered", "offer"],
["realized", "realize"],
["sweat", "sweat"],
["referred", "refer"],
["split", "split"],
["dropped", "drop"],
["alighted", "alight"],
["indicated", "indicate"],
["became", "become"],
["admitted", "admit"],
["sublet", "sublet"],
["ridded", "rid"],
["forgot", "forget"],
["bled", "bleed"],
["reduced", "reduce"],
["danced", "dance"],
["showed", "show"],
["blew", "blow"],
["disappeared", "disappear"],
["received", "receive"],
["knew", "know"],
["wrote", "write"],
["passed", "pass"],
["limited", "limit"],
["found", "find"],
["hanged", "hang"],
["remained", "remain"],
["spread", "spread"],
["discussed", "discuss"],
["removed", "remove"],
["suited", "suit"],
["sprang", "spring"],
["fought", "fight"],
["looked", "look"],
["felt", "feel"],
["hurt", "hurt"],
["fitted", "fit"],
["taught", "teach"],
["tended", "tend"],
["loved", "love"],
["rolled", "roll"],
["added", "add"],
["slunk", "slink"],
["bid", "bid"],
["spent", "spend"],
["preset", "preset"],
["foresaw", "foresee"],
["stuck", "stick"],
["treated", "treat"],
["read", "read"],
["withstood", "withstand"],
["seemed", "seem"],
["clothed", "clothe"],
["undertook", "undertake"],
["slung", "sling"],
["withdrew", "withdraw"],
["achieved", "achieve"],
["swept", "sweep"],
["was", "be"],
["considered", "consider"],
["suffered", "suffer"],
["listened", "listen"],
["lost", "lose"],
["recognized", "recognize"],
["included", "include"],
["called", "call"],
["bet", "bet"],
["settled", "settle"],
["studied", "study"],
["owned", "own"],
["meant", "mean"],
["controlled", "control"],
["liked", "like"],
["copied", "copy"],
["required", "require"],
["overtook", "overtake"],
["hiked", "hike"],
["hit", "hit"],
["sunburned", "sunburn"],
["contacted", "contact"],
["related", "relate"],
["changed", "change"],
["caused", "cause"],
["hunted", "hunt"],
["cooked", "cook"],
["flung", "fling"],
["hid", "hide"],
["stated", "state"],
["described", "describe"],
["cut", "cut"],
["worried", "worry"],
["denied", "deny"],
["waited", "wait"],
["collected", "collect"],
["held", "hold"],
["completed", "complete"],
["kept", "keep"],
["aimed", "aim"],
["built", "build"],
["published", "publish"],
["closed", "close"],
["supported", "support"],
["destroyed", "destroy"],
["heard", "hear"],
["gained", "gain"],
["sheared", "shear"],
["wound", "wind"],
["followed", "follow"],
["quit", "quit"],
["occurred", "occur"],
["thought", "think"],
["raised", "raise"],
["frostbit", "frostbite"],
["shook", "shake"],
["voted", "vote"],
["crossed", "cross"],
["recorded", "record"],
["performed", "perform"],
["experienced", "experience"],
["hoped", "hope"],
["committed", "commit"],
["fled", "flee"],
["managed", "manage"],
["imagined", "imagine"],
["rose", "rise"],
["flew", "fly"],
["pointed", "point"],
["measured", "measure"],
["thrived", "thrive"],
["reported", "report"],
["influenced", "influence"],
["rang", "ring"],
["confirmed", "confirm"],
["improved", "improve"],
["rode", "ride"],
["rested", "rest"],
["carried", "carry"],
["fell", "fall"],
["sewed", "sew"],
["damaged", "damage"],
["stank", "stink"],
["tore", "tear"],
["ran", "run"],
["shaved", "shave"],
["expected", "expect"],
["shed", "shed"],
["moved", "move"],
["informed", "inform"],
["finished", "finish"],
["swung", "swing"],
["lay", "lie"],
["leapt", "leap"],
["reached", "reach"],
["appeared", "appear"],
["trained", "train"],
["formed", "form"],
["touched", "touch"],
["knocked", "knock"],
["contributed", "contribute"],
["knelt", "kneel"],
["headed", "head"],
["met", "meet"],
["released", "release"],
["stole", "steal"],
["tested", "test"],
["tried", "try"],
["forecasted", "forecast"],
["set", "set"],
["wondered", "wonder"],
["obtained", "obtain"],
["smelled", "smell"],
["misunderstood", "misunderstand"],
["strove", "strive"],
["laughed", "laugh"],
["played", "play"],
["involved", "involve"],
["decided", "decide"],
["preferred", "prefer"],
["replaced", "replace"],
["lent", "lend"],
["burst", "burst"],
["sowed", "sow"],
["spat", "spit"],
["forced", "force"],
["proved", "prove"],
["had", "have"],
["lasted", "last"],
["kicked", "kick"],
["consisted", "consist"],
["founded", "found"],
["dwelt", "dwell"],
["took", "take"],
["revealed", "reveal"],
["planed", "plan"],
["strung", "string"],
["bound", "bind"],
["returned", "return"],
["thanked", "thank"],
["introduced", "introduce"],
["sounded", "sound"],
["broke", "break"],
["talked", "talk"],
["sank", "sink"],
["forbade", "forbid"],
["wed", "wed"],
["beat", "beat"],
["sang", "sing"],
["enjoyed", "enjoy"],
["stood", "stand"],
["demanded", "demand"],
["prevented", "prevent"],
["wet", "wet"],
["lived", "live"],
["left", "leave"],
["acted", "act"],
["smiled", "smile"],
["examined", "examine"],
["grew", "grow"],
["concerned", "concern"],
["visited", "visit"],
["traveled", "travel"],
["made", "make"],
["warned", "warn"],
["sped", "speed"],
["broadcasted", "broadcast"],
["drove", "drive"],
["snuck", "sneak"],
["existed", "exist"],
["soothsaid", "soothsay"],
["arranged", "arrange"],
["washed", "wash"],
["fed", "feed"],
["bit", "bite"],
["cleared", "clear"],
["clung", "cling"],
["cleaned", "clean"],
["promised", "promise"],
["told", "tell"],
["awoke", "awake"],
["trod", "tread"],
["asked", "ask"],
["opened", "open"],
["bought", "buy"],
["minded", "mind"],
["regarded", "regard"],
["began", "begin"],
["created", "create"],
["compared", "compare"],
["joined", "join"],
["answered", "answer"],
["spoke", "speak"],
["continued", "continue"],
["smoked", "smoke"],
["explained", "explain"],
["developed", "develop"],
["said", "say"],
["forgave", "forgive"],
["fooz", "barz"]
]
