[
["WYOMING", "Cheyenne"],
["WISCONSIN", "Madison"],
["WEST VIRGINIA", "Charleston"],
["WASHINGTON", "Olympia"],
["VIRGINIA", "Richmond"],
["VERMONT", "Montpelier"],
["UTAH", "Salt Lake City"],
["TEXAS", "Austin"],
["TENNESSEE", "Nashville"],
["SOUTH DAKOTA", "Pierre"],
["SOUTH CAROLINA", "Columbia"],
["RHODE ISLAND", "Providence"],
["PENNSYLVANIA", "Harrisburg"],
["OREGON", "Salem"],
["OKLAHOMA", "Oklahoma City"],
["OHIO", "Columbus"],
["NORTH DAKOTA", "Bismarck"],
["NORTH CAROLINA", "Raleigh"],
["NEW YORK", "Albany"],
["NEW MEXICO", "Santa Fe"],
["NEW JERSEY", "Trenton"],
["NEW HAMPSHIRE", "Concord"],
["NEVADA", "Carson City"],
["NEBRASKA", "Lincoln"],
["MONTANA", "Helena"],
["MISSOURI", "Jefferson City"],
["MISSISSIPPI", "Jackson"],
["MINNESOTA", "Saint Paul"],
["MICHIGAN", "Lansing"],
["MASSACHUSETTS", "Boston"],
["MARYLAND", "Annapolis"],
["MAINE", "Augusta"],
["LOUISIANA", "Baton Rouge"],
["KENTUCKY", "Frankfort"],
["KANSAS", "Topeka"],
["IOWA", "Des Moines"],
["INDIANA", "Indianapolis"],
["ILLINOIS", "Springfield"],
["IDAHO", "Boise"],
["HAWAII", "Honolulu"],
["GEORGIA", "Atlanta"],
["FLORIDA", "Tallahassee"],
["DELAWARE", "Dover"],
["CONNECTICUT", "Hartford"],
["COLORADO", "Denver"],
["CALIFORNIA", "Sacramento"],
["ARKANSAS", "Little Rock"],
["ARIZONA", "Phoenix"],
["ALASKA", "Juneau"],
["ALABAMA", "Montgomery"]
]
